Archive member included to satisfy reference by file (symbol)

c:/users/tobias/appdata/roaming/xpacks/@xpack-dev-tools/arm-none-eabi-gcc/9.2.1-1.1.1/.content/bin/../lib/gcc/arm-none-eabi/9.2.1/thumb/v6-m/nofp\libgcc.a(_udivsi3.o)
                              ./system/src/stm32g0xx/stm32g0xx_hal.o (__aeabi_uidiv)
c:/users/tobias/appdata/roaming/xpacks/@xpack-dev-tools/arm-none-eabi-gcc/9.2.1-1.1.1/.content/bin/../lib/gcc/arm-none-eabi/9.2.1/thumb/v6-m/nofp\libgcc.a(_divsi3.o)
                              ./system/src/stm32g0xx/stm32g0xx_hal_uart_ex.o (__aeabi_idiv)
c:/users/tobias/appdata/roaming/xpacks/@xpack-dev-tools/arm-none-eabi-gcc/9.2.1-1.1.1/.content/bin/../lib/gcc/arm-none-eabi/9.2.1/thumb/v6-m/nofp\libgcc.a(_dvmd_tls.o)
                              c:/users/tobias/appdata/roaming/xpacks/@xpack-dev-tools/arm-none-eabi-gcc/9.2.1-1.1.1/.content/bin/../lib/gcc/arm-none-eabi/9.2.1/thumb/v6-m/nofp\libgcc.a(_udivsi3.o) (__aeabi_idiv0)
c:/users/tobias/appdata/roaming/xpacks/@xpack-dev-tools/arm-none-eabi-gcc/9.2.1-1.1.1/.content/bin/../lib/gcc/arm-none-eabi/9.2.1/thumb/v6-m/nofp\libgcc.a(_aeabi_uldivmod.o)
                              ./system/src/stm32g0xx/stm32g0xx_hal_uart.o (__aeabi_uldivmod)
c:/users/tobias/appdata/roaming/xpacks/@xpack-dev-tools/arm-none-eabi-gcc/9.2.1-1.1.1/.content/bin/../lib/gcc/arm-none-eabi/9.2.1/thumb/v6-m/nofp\libgcc.a(_udivmoddi4.o)
                              c:/users/tobias/appdata/roaming/xpacks/@xpack-dev-tools/arm-none-eabi-gcc/9.2.1-1.1.1/.content/bin/../lib/gcc/arm-none-eabi/9.2.1/thumb/v6-m/nofp\libgcc.a(_aeabi_uldivmod.o) (__udivmoddi4)
c:/users/tobias/appdata/roaming/xpacks/@xpack-dev-tools/arm-none-eabi-gcc/9.2.1-1.1.1/.content/bin/../lib/gcc/arm-none-eabi/9.2.1/thumb/v6-m/nofp\libgcc.a(unwind-arm.o)
                              ./system/src/newlib/_cxx.o (__aeabi_unwind_cpp_pr0)
c:/users/tobias/appdata/roaming/xpacks/@xpack-dev-tools/arm-none-eabi-gcc/9.2.1-1.1.1/.content/bin/../lib/gcc/arm-none-eabi/9.2.1/thumb/v6-m/nofp\libgcc.a(libunwind.o)
                              c:/users/tobias/appdata/roaming/xpacks/@xpack-dev-tools/arm-none-eabi-gcc/9.2.1-1.1.1/.content/bin/../lib/gcc/arm-none-eabi/9.2.1/thumb/v6-m/nofp\libgcc.a(unwind-arm.o) (restore_core_regs)
c:/users/tobias/appdata/roaming/xpacks/@xpack-dev-tools/arm-none-eabi-gcc/9.2.1-1.1.1/.content/bin/../lib/gcc/arm-none-eabi/9.2.1/thumb/v6-m/nofp\libgcc.a(pr-support.o)
                              c:/users/tobias/appdata/roaming/xpacks/@xpack-dev-tools/arm-none-eabi-gcc/9.2.1-1.1.1/.content/bin/../lib/gcc/arm-none-eabi/9.2.1/thumb/v6-m/nofp\libgcc.a(unwind-arm.o) (__gnu_unwind_execute)
c:/users/tobias/appdata/roaming/xpacks/@xpack-dev-tools/arm-none-eabi-gcc/9.2.1-1.1.1/.content/bin/../lib/gcc/arm-none-eabi/9.2.1/thumb/v6-m/nofp\libgcc.a(_clzdi2.o)
                              c:/users/tobias/appdata/roaming/xpacks/@xpack-dev-tools/arm-none-eabi-gcc/9.2.1-1.1.1/.content/bin/../lib/gcc/arm-none-eabi/9.2.1/thumb/v6-m/nofp\libgcc.a(_udivmoddi4.o) (__clzdi2)
c:/users/tobias/appdata/roaming/xpacks/@xpack-dev-tools/arm-none-eabi-gcc/9.2.1-1.1.1/.content/bin/../lib/gcc/arm-none-eabi/9.2.1/thumb/v6-m/nofp\libgcc.a(_clzsi2.o)
                              c:/users/tobias/appdata/roaming/xpacks/@xpack-dev-tools/arm-none-eabi-gcc/9.2.1-1.1.1/.content/bin/../lib/gcc/arm-none-eabi/9.2.1/thumb/v6-m/nofp\libgcc.a(_clzdi2.o) (__clzsi2)
c:/users/tobias/appdata/roaming/xpacks/@xpack-dev-tools/arm-none-eabi-gcc/9.2.1-1.1.1/.content/bin/../lib/gcc/arm-none-eabi/9.2.1/../../../../arm-none-eabi/lib/thumb/v6-m/nofp\libg_nano.a(lib_a-errno.o)
                              ./system/src/newlib/_sbrk.o (__errno)
c:/users/tobias/appdata/roaming/xpacks/@xpack-dev-tools/arm-none-eabi-gcc/9.2.1-1.1.1/.content/bin/../lib/gcc/arm-none-eabi/9.2.1/../../../../arm-none-eabi/lib/thumb/v6-m/nofp\libg_nano.a(lib_a-impure.o)
                              c:/users/tobias/appdata/roaming/xpacks/@xpack-dev-tools/arm-none-eabi-gcc/9.2.1-1.1.1/.content/bin/../lib/gcc/arm-none-eabi/9.2.1/../../../../arm-none-eabi/lib/thumb/v6-m/nofp\libg_nano.a(lib_a-errno.o) (_impure_ptr)
c:/users/tobias/appdata/roaming/xpacks/@xpack-dev-tools/arm-none-eabi-gcc/9.2.1-1.1.1/.content/bin/../lib/gcc/arm-none-eabi/9.2.1/../../../../arm-none-eabi/lib/thumb/v6-m/nofp\libg_nano.a(lib_a-init.o)
                              ./system/src/cmsis/startup_stm32g071xx.o (__libc_init_array)
c:/users/tobias/appdata/roaming/xpacks/@xpack-dev-tools/arm-none-eabi-gcc/9.2.1-1.1.1/.content/bin/../lib/gcc/arm-none-eabi/9.2.1/../../../../arm-none-eabi/lib/thumb/v6-m/nofp\libg_nano.a(lib_a-memcpy-stub.o)
                              c:/users/tobias/appdata/roaming/xpacks/@xpack-dev-tools/arm-none-eabi-gcc/9.2.1-1.1.1/.content/bin/../lib/gcc/arm-none-eabi/9.2.1/thumb/v6-m/nofp\libgcc.a(unwind-arm.o) (memcpy)
[...]
Memory Configuration

Name             Origin             Length             Attributes
FLASH            0x0000000008000000 0x0000000000020000 xr
RAM              0x0000000020000000 0x0000000000009000 xrw
CCMRAM           0x0000000010000000 0x0000000000000000 xrw
FLASHB1          0x0000000000000000 0x0000000000000000 xr
EXTMEMB0         0x0000000000000000 0x0000000000000000 xr
EXTMEMB1         0x0000000000000000 0x0000000000000000 xr
EXTMEMB2         0x0000000000000000 0x0000000000000000 xr
EXTMEMB3         0x0000000000000000 0x0000000000000000 xr
*default*        0x0000000000000000 0xffffffffffffffff

Linker script and memory map

LOAD ./system/src/stm32g0xx/stm32g0xx_hal.o
LOAD ./system/src/stm32g0xx/stm32g0xx_hal_adc.o
LOAD ./system/src/stm32g0xx/stm32g0xx_hal_adc_ex.o
LOAD ./system/src/stm32g0xx/stm32g0xx_hal_cec.o
LOAD ./system/src/stm32g0xx/stm32g0xx_hal_comp.o
LOAD ./system/src/stm32g0xx/stm32g0xx_hal_cortex.o
LOAD ./system/src/stm32g0xx/stm32g0xx_hal_crc.o
LOAD ./system/src/stm32g0xx/stm32g0xx_hal_crc_ex.o
LOAD ./system/src/stm32g0xx/stm32g0xx_hal_cryp.o
LOAD ./system/src/stm32g0xx/stm32g0xx_hal_cryp_ex.o
LOAD ./system/src/stm32g0xx/stm32g0xx_hal_dac.o
LOAD ./system/src/stm32g0xx/stm32g0xx_hal_dac_ex.o
LOAD ./system/src/stm32g0xx/stm32g0xx_hal_dma.o
LOAD ./system/src/stm32g0xx/stm32g0xx_hal_dma_ex.o
LOAD ./system/src/stm32g0xx/stm32g0xx_hal_exti.o
LOAD ./system/src/stm32g0xx/stm32g0xx_hal_flash.o
LOAD ./system/src/stm32g0xx/stm32g0xx_hal_flash_ex.o
LOAD ./system/src/stm32g0xx/stm32g0xx_hal_gpio.o
LOAD ./system/src/stm32g0xx/stm32g0xx_hal_i2c.o
LOAD ./system/src/stm32g0xx/stm32g0xx_hal_i2c_ex.o
LOAD ./system/src/stm32g0xx/stm32g0xx_hal_i2s.o
LOAD ./system/src/stm32g0xx/stm32g0xx_hal_irda.o
LOAD ./system/src/stm32g0xx/stm32g0xx_hal_iwdg.o
LOAD ./system/src/stm32g0xx/stm32g0xx_hal_lptim.o
LOAD ./system/src/stm32g0xx/stm32g0xx_hal_pwr.o
LOAD ./system/src/stm32g0xx/stm32g0xx_hal_pwr_ex.o
LOAD ./system/src/stm32g0xx/stm32g0xx_hal_rcc.o
LOAD ./system/src/stm32g0xx/stm32g0xx_hal_rcc_ex.o
LOAD ./system/src/stm32g0xx/stm32g0xx_hal_rng.o
LOAD ./system/src/stm32g0xx/stm32g0xx_hal_rtc.o
LOAD ./system/src/stm32g0xx/stm32g0xx_hal_rtc_ex.o
LOAD ./system/src/stm32g0xx/stm32g0xx_hal_smartcard.o
LOAD ./system/src/stm32g0xx/stm32g0xx_hal_smartcard_ex.o
LOAD ./system/src/stm32g0xx/stm32g0xx_hal_smbus.o
LOAD ./system/src/stm32g0xx/stm32g0xx_hal_spi.o
LOAD ./system/src/stm32g0xx/stm32g0xx_hal_spi_ex.o
LOAD ./system/src/stm32g0xx/stm32g0xx_hal_tim.o
LOAD ./system/src/stm32g0xx/stm32g0xx_hal_tim_ex.o
LOAD ./system/src/stm32g0xx/stm32g0xx_hal_uart.o
LOAD ./system/src/stm32g0xx/stm32g0xx_hal_uart_ex.o
LOAD ./system/src/stm32g0xx/stm32g0xx_hal_usart.o
LOAD ./system/src/stm32g0xx/stm32g0xx_hal_usart_ex.o
LOAD ./system/src/stm32g0xx/stm32g0xx_hal_wwdg.o
LOAD ./system/src/stm32g0xx/stm32g0xx_ll_adc.o
LOAD ./system/src/stm32g0xx/stm32g0xx_ll_comp.o
LOAD ./system/src/stm32g0xx/stm32g0xx_ll_crc.o
LOAD ./system/src/stm32g0xx/stm32g0xx_ll_dac.o
LOAD ./system/src/stm32g0xx/stm32g0xx_ll_dma.o
LOAD ./system/src/stm32g0xx/stm32g0xx_ll_exti.o
LOAD ./system/src/stm32g0xx/stm32g0xx_ll_gpio.o
LOAD ./system/src/stm32g0xx/stm32g0xx_ll_i2c.o
LOAD ./system/src/stm32g0xx/stm32g0xx_ll_lptim.o
LOAD ./system/src/stm32g0xx/stm32g0xx_ll_lpuart.o
LOAD ./system/src/stm32g0xx/stm32g0xx_ll_pwr.o
LOAD ./system/src/stm32g0xx/stm32g0xx_ll_rcc.o
LOAD ./system/src/stm32g0xx/stm32g0xx_ll_rng.o
LOAD ./system/src/stm32g0xx/stm32g0xx_ll_rtc.o
LOAD ./system/src/stm32g0xx/stm32g0xx_ll_spi.o
LOAD ./system/src/stm32g0xx/stm32g0xx_ll_tim.o
LOAD ./system/src/stm32g0xx/stm32g0xx_ll_ucpd.o
LOAD ./system/src/stm32g0xx/stm32g0xx_ll_usart.o
LOAD ./system/src/stm32g0xx/stm32g0xx_ll_utils.o
LOAD ./system/src/newlib/_cxx.o
LOAD ./system/src/newlib/_exit.o
LOAD ./system/src/newlib/_sbrk.o
LOAD ./system/src/newlib/_startup.o
LOAD ./system/src/newlib/_syscalls.o
LOAD ./system/src/newlib/assert.o
LOAD ./system/src/diag/Trace.o
LOAD ./system/src/diag/trace_impl.o
LOAD ./system/src/cortexm/_initialize_hardware.o
LOAD ./system/src/cortexm/_reset_hardware.o
LOAD ./system/src/cortexm/exception_handlers.o
LOAD ./system/src/cmsis/startup_stm32g071xx.o
LOAD ./system/src/cmsis/system_stm32g0xx.o
LOAD ./src/main.o
LOAD ./src/stm32g0xx_hal_msp.o
LOAD ./src/stm32g0xx_it.o
LOAD c:/users/tobias/appdata/roaming/xpacks/@xpack-dev-tools/arm-none-eabi-gcc/9.2.1-1.1.1/.content/bin/../lib/gcc/arm-none-eabi/9.2.1/../../../../arm-none-eabi/lib/thumb/v6-m/nofp\libstdc++_nano.a
LOAD c:/users/tobias/appdata/roaming/xpacks/@xpack-dev-tools/arm-none-eabi-gcc/9.2.1-1.1.1/.content/bin/../lib/gcc/arm-none-eabi/9.2.1/../../../../arm-none-eabi/lib/thumb/v6-m/nofp\libm.a
START GROUP
LOAD c:/users/tobias/appdata/roaming/xpacks/@xpack-dev-tools/arm-none-eabi-gcc/9.2.1-1.1.1/.content/bin/../lib/gcc/arm-none-eabi/9.2.1/thumb/v6-m/nofp\libgcc.a
LOAD c:/users/tobias/appdata/roaming/xpacks/@xpack-dev-tools/arm-none-eabi-gcc/9.2.1-1.1.1/.content/bin/../lib/gcc/arm-none-eabi/9.2.1/../../../../arm-none-eabi/lib/thumb/v6-m/nofp\libg_nano.a
LOAD c:/users/tobias/appdata/roaming/xpacks/@xpack-dev-tools/arm-none-eabi-gcc/9.2.1-1.1.1/.content/bin/../lib/gcc/arm-none-eabi/9.2.1/../../../../arm-none-eabi/lib/thumb/v6-m/nofp\libc_nano.a
END GROUP
START GROUP
LOAD c:/users/tobias/appdata/roaming/xpacks/@xpack-dev-tools/arm-none-eabi-gcc/9.2.1-1.1.1/.content/bin/../lib/gcc/arm-none-eabi/9.2.1/thumb/v6-m/nofp\libgcc.a
LOAD c:/users/tobias/appdata/roaming/xpacks/@xpack-dev-tools/arm-none-eabi-gcc/9.2.1-1.1.1/.content/bin/../lib/gcc/arm-none-eabi/9.2.1/../../../../arm-none-eabi/lib/thumb/v6-m/nofp\libc_nano.a
END GROUP
                0x0000000020009000                __stack = (ORIGIN (RAM) + LENGTH (RAM))
                0x0000000020009000                _estack = __stack
                0x0000000000000400                __Main_Stack_Size = 0x400
                [!provide]                        PROVIDE (_Main_Stack_Size = __Main_Stack_Size)
                0x0000000020008c00                __Main_Stack_Limit = (__stack - __Main_Stack_Size)
                [!provide]                        PROVIDE (_Main_Stack_Limit = __Main_Stack_Limit)
                0x0000000000000100                _Minimum_Stack_Size = 0x100
                0x00000000200001b8                PROVIDE (_Heap_Begin = _end_noinit)
                0x0000000020008c00                PROVIDE (_Heap_Limit = (__stack - __Main_Stack_Size))

.isr_vector     0x0000000008000000      0x220
 FILL mask 0xff
                0x0000000008000000                __vectors_start = ABSOLUTE (.)
                0x0000000008000000                __vectors_start__ = ABSOLUTE (.)
 *(.isr_vector)
 .isr_vector    0x0000000008000000       0xbc ./system/src/cmsis/startup_stm32g071xx.o
                0x0000000008000000                g_pfnVectors
 *(.cfmconfig)
 *(.after_vectors .after_vectors.*)
 .after_vectors
                0x00000000080000bc      0x114 ./system/src/newlib/_startup.o
                0x00000000080000bc                _start
 .after_vectors
                0x00000000080001d0       0x50 ./system/src/cortexm/exception_handlers.o
                0x00000000080001d0                Reset_Handler
                0x00000000080001f2                HardFault_Handler_C

.inits          0x0000000008000220       0x28
                0x0000000008000220                __data_regions_array_start = .
                0x0000000008000220        0x4 LONG 0x8003200 LOADADDR (.data)
                0x0000000008000224        0x4 LONG 0x20000000 ADDR (.data)
                0x0000000008000228        0x4 LONG 0x20000080 (ADDR (.data) + SIZEOF (.data))
                0x000000000800022c        0x4 LONG 0x8003200 LOADADDR (.data_CCMRAM)
                0x0000000008000230        0x4 LONG 0x10000000 ADDR (.data_CCMRAM)
                0x0000000008000234        0x4 LONG 0x10000000 (ADDR (.data_CCMRAM) + SIZEOF (.data_CCMRAM))
                0x0000000008000238                __data_regions_array_end = .
                0x0000000008000238                __bss_regions_array_start = .
                0x0000000008000238        0x4 LONG 0x20000080 ADDR (.bss)
                0x000000000800023c        0x4 LONG 0x200001b8 (ADDR (.bss) + SIZEOF (.bss))
                0x0000000008000240        0x4 LONG 0x10000000 ADDR (.bss_CCMRAM)
                0x0000000008000244        0x4 LONG 0x10000000 (ADDR (.bss_CCMRAM) + SIZEOF (.bss_CCMRAM))
                0x0000000008000248                __bss_regions_array_end = .
 *(.init)
 *(.fini)
                0x0000000008000248                . = ALIGN (0x4)
                0x0000000008000248                PROVIDE (__preinit_array_start = .)
 *(.preinit_array_sysinit .preinit_array_sysinit.*)
 *(.preinit_array_platform .preinit_array_platform.*)
 *(.preinit_array .preinit_array.*)
                0x0000000008000248                PROVIDE (__preinit_array_end = .)
                0x0000000008000248                . = ALIGN (0x4)
                0x0000000008000248                PROVIDE (__init_array_start = .)
 *(SORT_BY_NAME(.init_array.*))
 *(.init_array)
                0x0000000008000248                PROVIDE (__init_array_end = .)
                0x0000000008000248                . = ALIGN (0x4)
                0x0000000008000248                PROVIDE (__fini_array_start = .)
 *(SORT_BY_NAME(.fini_array.*))
 *(.fini_array)
                0x0000000008000248                PROVIDE (__fini_array_end = .)

.flashtext
 *(.flashtext .flashtext.*)

.text           0x0000000008000248     0x2faf
 *(.text .text.*)
 .text.HAL_InitTick
                0x0000000008000248       0x58 ./system/src/stm32g0xx/stm32g0xx_hal.o
                0x0000000008000248                HAL_InitTick
 .text.HAL_Init
                0x00000000080002a0       0x28 ./system/src/stm32g0xx/stm32g0xx_hal.o
                0x00000000080002a0                HAL_Init
 .text.HAL_IncTick
                0x00000000080002c8       0x18 ./system/src/stm32g0xx/stm32g0xx_hal.o
                0x00000000080002c8                HAL_IncTick
 .text.HAL_GetTick
                0x00000000080002e0        0xc ./system/src/stm32g0xx/stm32g0xx_hal.o
                0x00000000080002e0                HAL_GetTick
 .text.HAL_NVIC_SetPriority
                0x00000000080002ec       0x60 ./system/src/stm32g0xx/stm32g0xx_hal_cortex.o
                0x00000000080002ec                HAL_NVIC_SetPriority
 .text.HAL_SYSTICK_Config
                0x000000000800034c       0x38 ./system/src/stm32g0xx/stm32g0xx_hal_cortex.o
                0x000000000800034c                HAL_SYSTICK_Config
 .text.HAL_GPIO_Init
                0x0000000008000384      0x194 ./system/src/stm32g0xx/stm32g0xx_hal_gpio.o
                0x0000000008000384                HAL_GPIO_Init
 .text.HAL_GPIO_WritePin
                0x0000000008000518        0xc ./system/src/stm32g0xx/stm32g0xx_hal_gpio.o
                0x0000000008000518                HAL_GPIO_WritePin
 .text.HAL_GPIO_TogglePin
                0x0000000008000524        0xe ./system/src/stm32g0xx/stm32g0xx_hal_gpio.o
                0x0000000008000524                HAL_GPIO_TogglePin
 *fill*         0x0000000008000532        0x2 
 .text.HAL_PWREx_ControlVoltageScaling
                0x0000000008000534       0x54 ./system/src/stm32g0xx/stm32g0xx_hal_pwr_ex.o
                0x0000000008000534                HAL_PWREx_ControlVoltageScaling
 .text.HAL_RCC_OscConfig
                0x0000000008000588      0x4c0 ./system/src/stm32g0xx/stm32g0xx_hal_rcc.o
                0x0000000008000588                HAL_RCC_OscConfig
 .text.HAL_RCC_GetSysClockFreq
                0x0000000008000a48       0xb8 ./system/src/stm32g0xx/stm32g0xx_hal_rcc.o
                0x0000000008000a48                HAL_RCC_GetSysClockFreq
 .text.HAL_RCC_ClockConfig
                0x0000000008000b00      0x18c ./system/src/stm32g0xx/stm32g0xx_hal_rcc.o
                0x0000000008000b00                HAL_RCC_ClockConfig
 .text.HAL_RCC_GetHCLKFreq
                0x0000000008000c8c        0xc ./system/src/stm32g0xx/stm32g0xx_hal_rcc.o
                0x0000000008000c8c                HAL_RCC_GetHCLKFreq
 .text.HAL_RCC_GetPCLK1Freq
                0x0000000008000c98       0x28 ./system/src/stm32g0xx/stm32g0xx_hal_rcc.o
                0x0000000008000c98                HAL_RCC_GetPCLK1Freq
 .text.HAL_RCCEx_PeriphCLKConfig
                0x0000000008000cc0      0x248 ./system/src/stm32g0xx/stm32g0xx_hal_rcc_ex.o
                0x0000000008000cc0                HAL_RCCEx_PeriphCLKConfig
 .text.UART_SetConfig
                0x0000000008000f08      0xbd4 ./system/src/stm32g0xx/stm32g0xx_hal_uart.o
                0x0000000008000f08                UART_SetConfig
 .text.UART_AdvFeatureConfig
                0x0000000008001adc       0xe0 ./system/src/stm32g0xx/stm32g0xx_hal_uart.o
                0x0000000008001adc                UART_AdvFeatureConfig
 .text.UART_WaitOnFlagUntilTimeout
                0x0000000008001bbc       0x74 ./system/src/stm32g0xx/stm32g0xx_hal_uart.o
                0x0000000008001bbc                UART_WaitOnFlagUntilTimeout
 .text.UART_CheckIdleState
                0x0000000008001c30       0x70 ./system/src/stm32g0xx/stm32g0xx_hal_uart.o
                0x0000000008001c30                UART_CheckIdleState
 .text.HAL_UART_Init
                0x0000000008001ca0       0x70 ./system/src/stm32g0xx/stm32g0xx_hal_uart.o
                0x0000000008001ca0                HAL_UART_Init
 .text.UARTEx_SetNbDataToProcess
                0x0000000008001d10       0x68 ./system/src/stm32g0xx/stm32g0xx_hal_uart_ex.o
 .text.HAL_UARTEx_DisableFifoMode
                0x0000000008001d78       0x40 ./system/src/stm32g0xx/stm32g0xx_hal_uart_ex.o
                0x0000000008001d78                HAL_UARTEx_DisableFifoMode
 .text.HAL_UARTEx_SetTxFifoThreshold
                0x0000000008001db8       0x4a ./system/src/stm32g0xx/stm32g0xx_hal_uart_ex.o
                0x0000000008001db8                HAL_UARTEx_SetTxFifoThreshold
 *fill*         0x0000000008001e02        0x2 
 .text.HAL_UARTEx_SetRxFifoThreshold
                0x0000000008001e04       0x50 ./system/src/stm32g0xx/stm32g0xx_hal_uart_ex.o
                0x0000000008001e04                HAL_UARTEx_SetRxFifoThreshold
 .text._exit    0x0000000008001e54        0x2 ./system/src/newlib/_exit.o
                0x0000000008001e54                _exit
 *fill*         0x0000000008001e56        0x2 
 .text._sbrk    0x0000000008001e58       0x48 ./system/src/newlib/_sbrk.o
                0x0000000008001e58                _sbrk
 .text.__initialize_args
                0x0000000008001ea0       0x10 ./system/src/newlib/_syscalls.o
                0x0000000008001ea0                __initialize_args
 .text.trace_printf
                0x0000000008001eb0       0x30 ./system/src/diag/Trace.o
                0x0000000008001eb0                trace_printf
 .text._trace_write_semihosting_debug
                0x0000000008001ee0       0x62 ./system/src/diag/trace_impl.o
 .text.trace_write
                0x0000000008001f42        0x8 ./system/src/diag/trace_impl.o
                0x0000000008001f42                trace_write
 .text.__initialize_hardware_early
                0x0000000008001f4a        0x8 ./system/src/cortexm/_initialize_hardware.o
                0x0000000008001f4a                __initialize_hardware_early
 .text.__initialize_hardware
                0x0000000008001f52        0x8 ./system/src/cortexm/_initialize_hardware.o
                0x0000000008001f52                __initialize_hardware
 *fill*         0x0000000008001f5a        0x2 
 .text.dumpExceptionStack
                0x0000000008001f5c       0x88 ./system/src/cortexm/exception_handlers.o
                0x0000000008001f5c                dumpExceptionStack
 .text.Default_Handler
                0x0000000008001fe4        0x2 ./system/src/cmsis/startup_stm32g071xx.o
                0x0000000008001fe4                USART3_4_LPUART1_IRQHandler
                0x0000000008001fe4                TIM1_CC_IRQHandler
                0x0000000008001fe4                ADC1_COMP_IRQHandler
                0x0000000008001fe4                PVD_IRQHandler
                0x0000000008001fe4                I2C1_IRQHandler
                0x0000000008001fe4                TIM7_LPTIM2_IRQHandler
                0x0000000008001fe4                RTC_TAMP_IRQHandler
                0x0000000008001fe4                SPI1_IRQHandler
                0x0000000008001fe4                EXTI2_3_IRQHandler
                0x0000000008001fe4                I2C2_IRQHandler
                0x0000000008001fe4                TIM17_IRQHandler
                0x0000000008001fe4                TIM16_IRQHandler
                0x0000000008001fe4                TIM3_IRQHandler
                0x0000000008001fe4                EXTI4_15_IRQHandler
                0x0000000008001fe4                RCC_IRQHandler
                0x0000000008001fe4                DMA1_Channel1_IRQHandler
                0x0000000008001fe4                Default_Handler
                0x0000000008001fe4                CEC_IRQHandler
                0x0000000008001fe4                TIM14_IRQHandler
                0x0000000008001fe4                TIM15_IRQHandler
                0x0000000008001fe4                EXTI0_1_IRQHandler
                0x0000000008001fe4                SPI2_IRQHandler
                0x0000000008001fe4                TIM6_DAC_LPTIM1_IRQHandler
                0x0000000008001fe4                WWDG_IRQHandler
                0x0000000008001fe4                TIM2_IRQHandler
                0x0000000008001fe4                DMA1_Ch4_7_DMAMUX1_OVR_IRQHandler
                0x0000000008001fe4                DMA1_Channel2_3_IRQHandler
                0x0000000008001fe4                UCPD1_2_IRQHandler
                0x0000000008001fe4                USART2_IRQHandler
                0x0000000008001fe4                FLASH_IRQHandler
                0x0000000008001fe4                USART1_IRQHandler
                0x0000000008001fe4                TIM1_BRK_UP_TRG_COM_IRQHandler
 *fill*         0x0000000008001fe6        0x2 
 .text.SystemInit
                0x0000000008001fe8       0x10 ./system/src/cmsis/system_stm32g0xx.o
                0x0000000008001fe8                SystemInit
 .text.SystemCoreClockUpdate
                0x0000000008001ff8       0xb8 ./system/src/cmsis/system_stm32g0xx.o
                0x0000000008001ff8                SystemCoreClockUpdate
 .text.MX_GPIO_Init
                0x00000000080020b0       0x6c ./src/main.o
 .text.MX_USART2_UART_Init
                0x000000000800211c       0x4c ./src/main.o
 .text.SystemClock_Config
                0x0000000008002168       0x7e ./src/main.o
                0x0000000008002168                SystemClock_Config
 .text.main     0x00000000080021e6       0x34 ./src/main.o
                0x00000000080021e6                main
 *fill*         0x000000000800221a        0x2 
 .text.HAL_MspInit
                0x000000000800221c       0x40 ./src/stm32g0xx_hal_msp.o
                0x000000000800221c                HAL_MspInit
 .text.HAL_UART_MspInit
                0x000000000800225c       0x64 ./src/stm32g0xx_hal_msp.o
                0x000000000800225c                HAL_UART_MspInit
 .text.NMI_Handler
                0x00000000080022c0        0x2 ./src/stm32g0xx_it.o
                0x00000000080022c0                NMI_Handler
 .text.HardFault_Handler
                0x00000000080022c2        0x2 ./src/stm32g0xx_it.o
                0x00000000080022c2                HardFault_Handler
 .text.SVC_Handler
                0x00000000080022c4        0x2 ./src/stm32g0xx_it.o
                0x00000000080022c4                SVC_Handler
 .text.PendSV_Handler
                0x00000000080022c6        0x2 ./src/stm32g0xx_it.o
                0x00000000080022c6                PendSV_Handler
 .text.SysTick_Handler
                0x00000000080022c8        0x8 ./src/stm32g0xx_it.o
                0x00000000080022c8                SysTick_Handler
 .text          0x00000000080022d0      0x114 c:/users/tobias/appdata/roaming/xpacks/@xpack-dev-tools/arm-none-eabi-gcc/9.2.1-1.1.1/.content/bin/../lib/gcc/arm-none-eabi/9.2.1/thumb/v6-m/nofp\libgcc.a(_udivsi3.o)
                0x00000000080022d0                __aeabi_uidiv
                0x00000000080022d0                __udivsi3
                0x00000000080023dc                __aeabi_uidivmod
 .text          0x00000000080023e4      0x1d4 c:/users/tobias/appdata/roaming/xpacks/@xpack-dev-tools/arm-none-eabi-gcc/9.2.1-1.1.1/.content/bin/../lib/gcc/arm-none-eabi/9.2.1/thumb/v6-m/nofp\libgcc.a(_divsi3.o)
                0x00000000080023e4                __divsi3
                0x00000000080023e4                __aeabi_idiv
                0x00000000080025b0                __aeabi_idivmod
 .text          0x00000000080025b8        0x4 c:/users/tobias/appdata/roaming/xpacks/@xpack-dev-tools/arm-none-eabi-gcc/9.2.1-1.1.1/.content/bin/../lib/gcc/arm-none-eabi/9.2.1/thumb/v6-m/nofp\libgcc.a(_dvmd_tls.o)
                0x00000000080025b8                __aeabi_idiv0
                0x00000000080025b8                __aeabi_ldiv0
 .text          0x00000000080025bc       0x40 c:/users/tobias/appdata/roaming/xpacks/@xpack-dev-tools/arm-none-eabi-gcc/9.2.1-1.1.1/.content/bin/../lib/gcc/arm-none-eabi/9.2.1/thumb/v6-m/nofp\libgcc.a(_aeabi_uldivmod.o)
                0x00000000080025bc                __aeabi_uldivmod
 .text.__udivmoddi4
                0x00000000080025fc      0x198 c:/users/tobias/appdata/roaming/xpacks/@xpack-dev-tools/arm-none-eabi-gcc/9.2.1-1.1.1/.content/bin/../lib/gcc/arm-none-eabi/9.2.1/thumb/v6-m/nofp\libgcc.a(_udivmoddi4.o)
                0x00000000080025fc                __udivmoddi4
 .text          0x0000000008002794       0x18 c:/users/tobias/appdata/roaming/xpacks/@xpack-dev-tools/arm-none-eabi-gcc/9.2.1-1.1.1/.content/bin/../lib/gcc/arm-none-eabi/9.2.1/thumb/v6-m/nofp\libgcc.a(_clzdi2.o)
                0x0000000008002794                __clzdi2
 .text          0x00000000080027ac       0x3c c:/users/tobias/appdata/roaming/xpacks/@xpack-dev-tools/arm-none-eabi-gcc/9.2.1-1.1.1/.content/bin/../lib/gcc/arm-none-eabi/9.2.1/thumb/v6-m/nofp\libgcc.a(_clzsi2.o)
                0x00000000080027ac                __clzsi2
 .text.__errno  0x00000000080027e8        0xc c:/users/tobias/appdata/roaming/xpacks/@xpack-dev-tools/arm-none-eabi-gcc/9.2.1-1.1.1/.content/bin/../lib/gcc/arm-none-eabi/9.2.1/../../../../arm-none-eabi/lib/thumb/v6-m/nofp\libg_nano.a(lib_a-errno.o)
                0x00000000080027e8                __errno
 .text.memcpy   0x00000000080027f4       0x12 c:/users/tobias/appdata/roaming/xpacks/@xpack-dev-tools/arm-none-eabi-gcc/9.2.1-1.1.1/.content/bin/../lib/gcc/arm-none-eabi/9.2.1/../../../../arm-none-eabi/lib/thumb/v6-m/nofp\libg_nano.a(lib_a-memcpy-stub.o)
                0x00000000080027f4                memcpy
 .text.memset   0x0000000008002806       0x10 c:/users/tobias/appdata/roaming/xpacks/@xpack-dev-tools/arm-none-eabi-gcc/9.2.1-1.1.1/.content/bin/../lib/gcc/arm-none-eabi/9.2.1/../../../../arm-none-eabi/lib/thumb/v6-m/nofp\libg_nano.a(lib_a-memset.o)
                0x0000000008002806                memset
 .text._vsnprintf_r
                0x0000000008002816       0x56 c:/users/tobias/appdata/roaming/xpacks/@xpack-dev-tools/arm-none-eabi-gcc/9.2.1-1.1.1/.content/bin/../lib/gcc/arm-none-eabi/9.2.1/../../../../arm-none-eabi/lib/thumb/v6-m/nofp\libg_nano.a(lib_a-vsnprintf.o)
                0x0000000008002816                _vsniprintf_r
                0x0000000008002816                _vsnprintf_r
 .text.vsnprintf
                0x000000000800286c       0x18 c:/users/tobias/appdata/roaming/xpacks/@xpack-dev-tools/arm-none-eabi-gcc/9.2.1-1.1.1/.content/bin/../lib/gcc/arm-none-eabi/9.2.1/../../../../arm-none-eabi/lib/thumb/v6-m/nofp\libg_nano.a(lib_a-vsnprintf.o)
                0x000000000800286c                vsniprintf
                0x000000000800286c                vsnprintf
 .text.__ssputs_r
                0x0000000008002884       0xc4 c:/users/tobias/appdata/roaming/xpacks/@xpack-dev-tools/arm-none-eabi-gcc/9.2.1-1.1.1/.content/bin/../lib/gcc/arm-none-eabi/9.2.1/../../../../arm-none-eabi/lib/thumb/v6-m/nofp\libg_nano.a(lib_a-nano-svfprintf.o)
                0x0000000008002884                __ssputs_r
 .text._svfprintf_r
                0x0000000008002948      0x200 c:/users/tobias/appdata/roaming/xpacks/@xpack-dev-tools/arm-none-eabi-gcc/9.2.1-1.1.1/.content/bin/../lib/gcc/arm-none-eabi/9.2.1/../../../../arm-none-eabi/lib/thumb/v6-m/nofp\libg_nano.a(lib_a-nano-svfprintf.o)
                0x0000000008002948                _svfiprintf_r
                0x0000000008002948                _svfprintf_r
 .text._printf_common
                0x0000000008002b48       0xde c:/users/tobias/appdata/roaming/xpacks/@xpack-dev-tools/arm-none-eabi-gcc/9.2.1-1.1.1/.content/bin/../lib/gcc/arm-none-eabi/9.2.1/../../../../arm-none-eabi/lib/thumb/v6-m/nofp\libg_nano.a(lib_a-nano-vfprintf_i.o)
                0x0000000008002b48                _printf_common
 *fill*         0x0000000008002c26        0x2 
 .text._printf_i
                0x0000000008002c28      0x224 c:/users/tobias/appdata/roaming/xpacks/@xpack-dev-tools/arm-none-eabi-gcc/9.2.1-1.1.1/.content/bin/../lib/gcc/arm-none-eabi/9.2.1/../../../../arm-none-eabi/lib/thumb/v6-m/nofp\libg_nano.a(lib_a-nano-vfprintf_i.o)
                0x0000000008002c28                _printf_i
 .text.memchr   0x0000000008002e4c       0x16 c:/users/tobias/appdata/roaming/xpacks/@xpack-dev-tools/arm-none-eabi-gcc/9.2.1-1.1.1/.content/bin/../lib/gcc/arm-none-eabi/9.2.1/../../../../arm-none-eabi/lib/thumb/v6-m/nofp\libg_nano.a(lib_a-memchr-stub.o)
                0x0000000008002e4c                memchr
 .text.memmove  0x0000000008002e62       0x26 c:/users/tobias/appdata/roaming/xpacks/@xpack-dev-tools/arm-none-eabi-gcc/9.2.1-1.1.1/.content/bin/../lib/gcc/arm-none-eabi/9.2.1/../../../../arm-none-eabi/lib/thumb/v6-m/nofp\libg_nano.a(lib_a-memmove.o)
                0x0000000008002e62                memmove
 .text._free_r  0x0000000008002e88       0x94 c:/users/tobias/appdata/roaming/xpacks/@xpack-dev-tools/arm-none-eabi-gcc/9.2.1-1.1.1/.content/bin/../lib/gcc/arm-none-eabi/9.2.1/../../../../arm-none-eabi/lib/thumb/v6-m/nofp\libg_nano.a(lib_a-nano-freer.o)
                0x0000000008002e88                _free_r
 .text._malloc_r
                0x0000000008002f1c       0xbc c:/users/tobias/appdata/roaming/xpacks/@xpack-dev-tools/arm-none-eabi-gcc/9.2.1-1.1.1/.content/bin/../lib/gcc/arm-none-eabi/9.2.1/../../../../arm-none-eabi/lib/thumb/v6-m/nofp\libg_nano.a(lib_a-nano-mallocr.o)
                0x0000000008002f1c                _malloc_r
 .text._realloc_r
                0x0000000008002fd8       0x4c c:/users/tobias/appdata/roaming/xpacks/@xpack-dev-tools/arm-none-eabi-gcc/9.2.1-1.1.1/.content/bin/../lib/gcc/arm-none-eabi/9.2.1/../../../../arm-none-eabi/lib/thumb/v6-m/nofp\libg_nano.a(lib_a-nano-reallocr.o)
                0x0000000008002fd8                _realloc_r
 .text._sbrk_r  0x0000000008003024       0x24 c:/users/tobias/appdata/roaming/xpacks/@xpack-dev-tools/arm-none-eabi-gcc/9.2.1-1.1.1/.content/bin/../lib/gcc/arm-none-eabi/9.2.1/../../../../arm-none-eabi/lib/thumb/v6-m/nofp\libg_nano.a(lib_a-sbrkr.o)
                0x0000000008003024                _sbrk_r
 .text.__malloc_lock
                0x0000000008003048       0x10 c:/users/tobias/appdata/roaming/xpacks/@xpack-dev-tools/arm-none-eabi-gcc/9.2.1-1.1.1/.content/bin/../lib/gcc/arm-none-eabi/9.2.1/../../../../arm-none-eabi/lib/thumb/v6-m/nofp\libg_nano.a(lib_a-mlock.o)
                0x0000000008003048                __malloc_lock
 .text.__malloc_unlock
                0x0000000008003058       0x10 c:/users/tobias/appdata/roaming/xpacks/@xpack-dev-tools/arm-none-eabi-gcc/9.2.1-1.1.1/.content/bin/../lib/gcc/arm-none-eabi/9.2.1/../../../../arm-none-eabi/lib/thumb/v6-m/nofp\libg_nano.a(lib_a-mlock.o)
                0x0000000008003058                __malloc_unlock
 .text._malloc_usable_size_r
                0x0000000008003068       0x10 c:/users/tobias/appdata/roaming/xpacks/@xpack-dev-tools/arm-none-eabi-gcc/9.2.1-1.1.1/.content/bin/../lib/gcc/arm-none-eabi/9.2.1/../../../../arm-none-eabi/lib/thumb/v6-m/nofp\libg_nano.a(lib_a-nano-msizer.o)
                0x0000000008003068                _malloc_usable_size_r
 .text.__retarget_lock_acquire_recursive
                0x0000000008003078        0x2 c:/users/tobias/appdata/roaming/xpacks/@xpack-dev-tools/arm-none-eabi-gcc/9.2.1-1.1.1/.content/bin/../lib/gcc/arm-none-eabi/9.2.1/../../../../arm-none-eabi/lib/thumb/v6-m/nofp\libg_nano.a(lib_a-lock.o)
                0x0000000008003078                __retarget_lock_acquire_recursive
 .text.__retarget_lock_release_recursive
                0x000000000800307a        0x2 c:/users/tobias/appdata/roaming/xpacks/@xpack-dev-tools/arm-none-eabi-gcc/9.2.1-1.1.1/.content/bin/../lib/gcc/arm-none-eabi/9.2.1/../../../../arm-none-eabi/lib/thumb/v6-m/nofp\libg_nano.a(lib_a-lock.o)
                0x000000000800307a                __retarget_lock_release_recursive
 .text          0x000000000800307c       0x14 c:/users/tobias/appdata/roaming/xpacks/@xpack-dev-tools/arm-none-eabi-gcc/9.2.1-1.1.1/.content/bin/../lib/gcc/arm-none-eabi/9.2.1/thumb/v6-m/nofp\libgcc.a(_thumb1_case_shi.o)
                0x000000000800307c                __gnu_thumb1_case_shi
 *(.rodata .rodata.* .constdata .constdata.*)
 .rodata.UARTEx_SetNbDataToProcess.str1.4
                0x0000000008003090        0x9 ./system/src/stm32g0xx/stm32g0xx_hal_uart_ex.o
 *fill*         0x0000000008003099        0x3 
 .rodata        0x000000000800309c        0x8 ./system/src/stm32g0xx/stm32g0xx_hal_uart_ex.o
 .rodata.dumpExceptionStack.str1.4
                0x00000000080030a4       0xae ./system/src/cortexm/exception_handlers.o
 *fill*         0x0000000008003152        0x2 
 .rodata.str1.4
                0x0000000008003154        0xd ./system/src/cortexm/exception_handlers.o
 *fill*         0x0000000008003161        0x3 
 .rodata.AHBPrescTable
                0x0000000008003164       0x40 ./system/src/cmsis/system_stm32g0xx.o
                0x0000000008003164                AHBPrescTable
 .rodata.APBPrescTable
                0x00000000080031a4       0x20 ./system/src/cmsis/system_stm32g0xx.o
                0x00000000080031a4                APBPrescTable
 .rodata._svfprintf_r.str1.1
                0x00000000080031c4       0x11 c:/users/tobias/appdata/roaming/xpacks/@xpack-dev-tools/arm-none-eabi-gcc/9.2.1-1.1.1/.content/bin/../lib/gcc/arm-none-eabi/9.2.1/../../../../arm-none-eabi/lib/thumb/v6-m/nofp\libg_nano.a(lib_a-nano-svfprintf.o)
 .rodata._printf_i.str1.1
                0x00000000080031d5       0x22 c:/users/tobias/appdata/roaming/xpacks/@xpack-dev-tools/arm-none-eabi-gcc/9.2.1-1.1.1/.content/bin/../lib/gcc/arm-none-eabi/9.2.1/../../../../arm-none-eabi/lib/thumb/v6-m/nofp\libg_nano.a(lib_a-nano-vfprintf_i.o)
 *(vtable)
 *(.eh_frame*)
 *(.glue_7)
 .glue_7        0x00000000080031f7        0x0 linker stubs
 *(.glue_7t)
 .glue_7t       0x00000000080031f7        0x0 linker stubs

.vfp11_veneer   0x00000000080031f8        0x0
 .vfp11_veneer  0x00000000080031f8        0x0 linker stubs

.v4_bx          0x00000000080031f8        0x0
 .v4_bx         0x00000000080031f8        0x0 linker stubs

.iplt           0x00000000080031f8        0x0
 .iplt          0x00000000080031f8        0x0 ./system/src/stm32g0xx/stm32g0xx_hal.o

.ARM.extab
 *(.ARM.extab* .gnu.linkonce.armextab.*)
                0x00000000080031f8                . = ALIGN (0x4)
                0x00000000080031f8                __exidx_start = .

.ARM.exidx      0x00000000080031f8        0x8
 *(.ARM.exidx* .gnu.linkonce.armexidx.*)
 .ARM.exidx.text.__udivmoddi4
                0x00000000080031f8        0x8 c:/users/tobias/appdata/roaming/xpacks/@xpack-dev-tools/arm-none-eabi-gcc/9.2.1-1.1.1/.content/bin/../lib/gcc/arm-none-eabi/9.2.1/thumb/v6-m/nofp\libgcc.a(_udivmoddi4.o)
                0x0000000008003200                __exidx_end = .

.rel.dyn        0x0000000008003200        0x0
 .rel.iplt      0x0000000008003200        0x0 ./system/src/stm32g0xx/stm32g0xx_hal.o
                0x0000000008003200                . = ALIGN (0x4)
                0x0000000008003200                _etext = .
                0x0000000008003200                __etext = .

.data_CCMRAM    0x0000000010000000        0x0 load address 0x0000000008003200
 FILL mask 0xff
 *(.data.CCMRAM .data.CCMRAM.*)
                0x0000000010000000                . = ALIGN (0x4)
                0x0000000008003200                _sidata = LOADADDR (.data)

.data           0x0000000020000000       0x80 load address 0x0000000008003200
 FILL mask 0xff
                0x0000000020000000                _sdata = .
                0x0000000020000000                __data_start__ = .
 *(.data_begin .data_begin.*)
 .data_begin    0x0000000020000000        0x4 ./system/src/newlib/_startup.o
 *(.data .data.*)
 .data.uwTickFreq
                0x0000000020000004        0x4 ./system/src/stm32g0xx/stm32g0xx_hal.o
                0x0000000020000004                uwTickFreq
 .data.uwTickPrio
                0x0000000020000008        0x4 ./system/src/stm32g0xx/stm32g0xx_hal.o
                0x0000000020000008                uwTickPrio
 .data.argv.4354
                0x000000002000000c        0x8 ./system/src/newlib/_syscalls.o
 .data.SystemCoreClock
                0x0000000020000014        0x4 ./system/src/cmsis/system_stm32g0xx.o
                0x0000000020000014                SystemCoreClock
 .data._impure_ptr
                0x0000000020000018        0x4 c:/users/tobias/appdata/roaming/xpacks/@xpack-dev-tools/arm-none-eabi-gcc/9.2.1-1.1.1/.content/bin/../lib/gcc/arm-none-eabi/9.2.1/../../../../arm-none-eabi/lib/thumb/v6-m/nofp\libg_nano.a(lib_a-impure.o)
                0x0000000020000018                _impure_ptr
 .data.impure_data
                0x000000002000001c       0x60 c:/users/tobias/appdata/roaming/xpacks/@xpack-dev-tools/arm-none-eabi-gcc/9.2.1-1.1.1/.content/bin/../lib/gcc/arm-none-eabi/9.2.1/../../../../arm-none-eabi/lib/thumb/v6-m/nofp\libg_nano.a(lib_a-impure.o)
 *(.data_end .data_end.*)
 .data_end      0x000000002000007c        0x4 ./system/src/newlib/_startup.o
                0x0000000020000080                . = ALIGN (0x4)
                0x0000000020000080                _edata = .
                0x0000000020000080                __data_end__ = .

.igot.plt       0x0000000020000080        0x0 load address 0x0000000008003280
 .igot.plt      0x0000000020000080        0x0 ./system/src/stm32g0xx/stm32g0xx_hal.o

.bss_CCMRAM     0x0000000010000000        0x0
 *(.bss.CCMRAM .bss.CCMRAM.*)

.bss            0x0000000020000080      0x138
                0x0000000020000080                __bss_start__ = .
                0x0000000020000080                _sbss = .
 *(.bss_begin .bss_begin.*)
 .bss_begin     0x0000000020000080        0x4 ./system/src/newlib/_startup.o
 *(.bss .bss.*)
 .bss.current_heap_end.3984
                0x0000000020000084        0x4 ./system/src/newlib/_sbrk.o
 .bss.name.4353
                0x0000000020000088        0x1 ./system/src/newlib/_syscalls.o
 *fill*         0x0000000020000089        0x3 
 .bss.buf.5228  0x000000002000008c       0x80 ./system/src/diag/Trace.o
 .bss.__malloc_free_list
                0x000000002000010c        0x4 c:/users/tobias/appdata/roaming/xpacks/@xpack-dev-tools/arm-none-eabi-gcc/9.2.1-1.1.1/.content/bin/../lib/gcc/arm-none-eabi/9.2.1/../../../../arm-none-eabi/lib/thumb/v6-m/nofp\libg_nano.a(lib_a-nano-mallocr.o)
                0x000000002000010c                __malloc_free_list
 .bss.__malloc_sbrk_start
                0x0000000020000110        0x4 c:/users/tobias/appdata/roaming/xpacks/@xpack-dev-tools/arm-none-eabi-gcc/9.2.1-1.1.1/.content/bin/../lib/gcc/arm-none-eabi/9.2.1/../../../../arm-none-eabi/lib/thumb/v6-m/nofp\libg_nano.a(lib_a-nano-mallocr.o)
                0x0000000020000110                __malloc_sbrk_start
 *(COMMON)
 COMMON         0x0000000020000114        0x4 ./system/src/stm32g0xx/stm32g0xx_hal.o
                0x0000000020000114                uwTick
 COMMON         0x0000000020000118        0x4 ./system/src/newlib/_syscalls.o
                0x0000000020000118                errno
 COMMON         0x000000002000011c       0x8c ./src/main.o
                0x000000002000011c                huart2
 COMMON         0x00000000200001a8        0x9 c:/users/tobias/appdata/roaming/xpacks/@xpack-dev-tools/arm-none-eabi-gcc/9.2.1-1.1.1/.content/bin/../lib/gcc/arm-none-eabi/9.2.1/../../../../arm-none-eabi/lib/thumb/v6-m/nofp\libg_nano.a(lib_a-lock.o)
                0x00000000200001a8                __lock___atexit_recursive_mutex
                0x00000000200001a9                __lock___arc4random_mutex
                0x00000000200001aa                __lock___env_recursive_mutex
                0x00000000200001ab                __lock___sinit_recursive_mutex
                0x00000000200001ac                __lock___malloc_recursive_mutex
                0x00000000200001ad                __lock___at_quick_exit_mutex
                0x00000000200001ae                __lock___dd_hash_mutex
                0x00000000200001af                __lock___tz_mutex
                0x00000000200001b0                __lock___sfp_recursive_mutex
 *(.bss_end .bss_end.*)
 *fill*         0x00000000200001b1        0x3 
 .bss_end       0x00000000200001b4        0x4 ./system/src/newlib/_startup.o
                0x00000000200001b8                . = ALIGN (0x4)
                0x00000000200001b8                __bss_end__ = .
                0x00000000200001b8                _ebss = .

.noinit_CCMRAM
 *(.noinit.CCMRAM .noinit.CCMRAM.*)

.noinit         0x00000000200001b8        0x0
                0x00000000200001b8                _noinit = .
 *(.noinit .noinit.*)
                0x00000000200001b8                . = ALIGN (0x4)
                0x00000000200001b8                _end_noinit = .
                [!provide]                        PROVIDE (end = _end_noinit)
                [!provide]                        PROVIDE (_end = _end_noinit)
                [!provide]                        PROVIDE (__end = _end_noinit)
                [!provide]                        PROVIDE (__end__ = _end_noinit)

._check_stack   0x00000000200001b8      0x100
                0x00000000200002b8                . = (. + _Minimum_Stack_Size)
 *fill*         0x00000000200001b8      0x100 

.b1text
 *(.b1text)
 *(.b1rodata)
 *(.b1rodata.*)

.eb0text
 *(.eb0text)
 *(.eb0rodata)
 *(.eb0rodata.*)

.eb1text
 *(.eb1text)
 *(.eb1rodata)
 *(.eb1rodata.*)

.eb2text
 *(.eb2text)
 *(.eb2rodata)
 *(.eb2rodata.*)

.eb3text
 *(.eb3text)
 *(.eb3rodata)
 *(.eb3rodata.*)

.stab
 *(.stab)

.stabstr
 *(.stabstr)

.stab.excl
 *(.stab.excl)

.stab.exclstr
 *(.stab.exclstr)

.stab.index
 *(.stab.index)

.stab.indexstr
 *(.stab.indexstr)

.comment        0x0000000000000000       0x66
 *(.comment)
 .comment       0x0000000000000000       0x66 ./system/src/stm32g0xx/stm32g0xx_hal.o
                                         0x67 (size before relaxing)
 .comment       0x0000000000000066       0x67 ./system/src/stm32g0xx/stm32g0xx_hal_cortex.o
 .comment       0x0000000000000066       0x67 ./system/src/stm32g0xx/stm32g0xx_hal_gpio.o
 .comment       0x0000000000000066       0x67 ./system/src/stm32g0xx/stm32g0xx_hal_pwr_ex.o
 .comment       0x0000000000000066       0x67 ./system/src/stm32g0xx/stm32g0xx_hal_rcc.o
 .comment       0x0000000000000066       0x67 ./system/src/stm32g0xx/stm32g0xx_hal_rcc_ex.o
 .comment       0x0000000000000066       0x67 ./system/src/stm32g0xx/stm32g0xx_hal_uart.o
 .comment       0x0000000000000066       0x67 ./system/src/stm32g0xx/stm32g0xx_hal_uart_ex.o
 .comment       0x0000000000000066       0x67 ./system/src/newlib/_exit.o
 .comment       0x0000000000000066       0x67 ./system/src/newlib/_sbrk.o
 .comment       0x0000000000000066       0x67 ./system/src/newlib/_startup.o
 .comment       0x0000000000000066       0x67 ./system/src/newlib/_syscalls.o
 .comment       0x0000000000000066       0x67 ./system/src/diag/Trace.o
 .comment       0x0000000000000066       0x67 ./system/src/diag/trace_impl.o
 .comment       0x0000000000000066       0x67 ./system/src/cortexm/_initialize_hardware.o
 .comment       0x0000000000000066       0x67 ./system/src/cortexm/exception_handlers.o
 .comment       0x0000000000000066       0x67 ./system/src/cmsis/system_stm32g0xx.o
 .comment       0x0000000000000066       0x67 ./src/main.o
 .comment       0x0000000000000066       0x67 ./src/stm32g0xx_hal_msp.o
 .comment       0x0000000000000066       0x67 ./src/stm32g0xx_it.o

.ARM.attributes
                0x0000000000000000       0x2a
 .ARM.attributes
                0x0000000000000000       0x2c ./system/src/stm32g0xx/stm32g0xx_hal.o
 .ARM.attributes
                0x000000000000002c       0x2c ./system/src/stm32g0xx/stm32g0xx_hal_cortex.o
 .ARM.attributes
                0x0000000000000058       0x2c ./system/src/stm32g0xx/stm32g0xx_hal_gpio.o
 .ARM.attributes
                0x0000000000000084       0x2c ./system/src/stm32g0xx/stm32g0xx_hal_pwr_ex.o
 .ARM.attributes
                0x00000000000000b0       0x2c ./system/src/stm32g0xx/stm32g0xx_hal_rcc.o
 .ARM.attributes
                0x00000000000000dc       0x2c ./system/src/stm32g0xx/stm32g0xx_hal_rcc_ex.o
 .ARM.attributes
                0x0000000000000108       0x2c ./system/src/stm32g0xx/stm32g0xx_hal_uart.o
 .ARM.attributes
                0x0000000000000134       0x2c ./system/src/stm32g0xx/stm32g0xx_hal_uart_ex.o
 .ARM.attributes
                0x0000000000000160       0x2c ./system/src/newlib/_exit.o
 .ARM.attributes
                0x000000000000018c       0x2c ./system/src/newlib/_sbrk.o
 .ARM.attributes
                0x00000000000001b8       0x2c ./system/src/newlib/_startup.o
 .ARM.attributes
                0x00000000000001e4       0x2c ./system/src/newlib/_syscalls.o
 .ARM.attributes
                0x0000000000000210       0x2c ./system/src/diag/Trace.o
 .ARM.attributes
                0x000000000000023c       0x2c ./system/src/diag/trace_impl.o
 .ARM.attributes
                0x0000000000000268       0x2c ./system/src/cortexm/_initialize_hardware.o
 .ARM.attributes
                0x0000000000000294       0x2c ./system/src/cortexm/exception_handlers.o
 .ARM.attributes
                0x00000000000002c0       0x21 ./system/src/cmsis/startup_stm32g071xx.o
 .ARM.attributes
                0x00000000000002e1       0x2c ./system/src/cmsis/system_stm32g0xx.o
 .ARM.attributes
                0x000000000000030d       0x2c ./src/main.o
 .ARM.attributes
                0x0000000000000339       0x2c ./src/stm32g0xx_hal_msp.o
 .ARM.attributes
                0x0000000000000365       0x2c ./src/stm32g0xx_it.o
 .ARM.attributes
                0x0000000000000391       0x1e c:/users/tobias/appdata/roaming/xpacks/@xpack-dev-tools/arm-none-eabi-gcc/9.2.1-1.1.1/.content/bin/../lib/gcc/arm-none-eabi/9.2.1/thumb/v6-m/nofp\libgcc.a(_udivsi3.o)
 .ARM.attributes
                0x00000000000003af       0x1e c:/users/tobias/appdata/roaming/xpacks/@xpack-dev-tools/arm-none-eabi-gcc/9.2.1-1.1.1/.content/bin/../lib/gcc/arm-none-eabi/9.2.1/thumb/v6-m/nofp\libgcc.a(_divsi3.o)
 .ARM.attributes
                0x00000000000003cd       0x1e c:/users/tobias/appdata/roaming/xpacks/@xpack-dev-tools/arm-none-eabi-gcc/9.2.1-1.1.1/.content/bin/../lib/gcc/arm-none-eabi/9.2.1/thumb/v6-m/nofp\libgcc.a(_dvmd_tls.o)
 .ARM.attributes
                0x00000000000003eb       0x1e c:/users/tobias/appdata/roaming/xpacks/@xpack-dev-tools/arm-none-eabi-gcc/9.2.1-1.1.1/.content/bin/../lib/gcc/arm-none-eabi/9.2.1/thumb/v6-m/nofp\libgcc.a(_aeabi_uldivmod.o)
 .ARM.attributes
                0x0000000000000409       0x2c c:/users/tobias/appdata/roaming/xpacks/@xpack-dev-tools/arm-none-eabi-gcc/9.2.1-1.1.1/.content/bin/../lib/gcc/arm-none-eabi/9.2.1/thumb/v6-m/nofp\libgcc.a(_udivmoddi4.o)
 .ARM.attributes
                0x0000000000000435       0x1e c:/users/tobias/appdata/roaming/xpacks/@xpack-dev-tools/arm-none-eabi-gcc/9.2.1-1.1.1/.content/bin/../lib/gcc/arm-none-eabi/9.2.1/thumb/v6-m/nofp\libgcc.a(_clzdi2.o)
 .ARM.attributes
                0x0000000000000453       0x1e c:/users/tobias/appdata/roaming/xpacks/@xpack-dev-tools/arm-none-eabi-gcc/9.2.1-1.1.1/.content/bin/../lib/gcc/arm-none-eabi/9.2.1/thumb/v6-m/nofp\libgcc.a(_clzsi2.o)
 .ARM.attributes
                0x0000000000000471       0x2c c:/users/tobias/appdata/roaming/xpacks/@xpack-dev-tools/arm-none-eabi-gcc/9.2.1-1.1.1/.content/bin/../lib/gcc/arm-none-eabi/9.2.1/../../../../arm-none-eabi/lib/thumb/v6-m/nofp\libg_nano.a(lib_a-errno.o)
 .ARM.attributes
                0x000000000000049d       0x2c c:/users/tobias/appdata/roaming/xpacks/@xpack-dev-tools/arm-none-eabi-gcc/9.2.1-1.1.1/.content/bin/../lib/gcc/arm-none-eabi/9.2.1/../../../../arm-none-eabi/lib/thumb/v6-m/nofp\libg_nano.a(lib_a-impure.o)
 .ARM.attributes
                0x00000000000004c9       0x2c c:/users/tobias/appdata/roaming/xpacks/@xpack-dev-tools/arm-none-eabi-gcc/9.2.1-1.1.1/.content/bin/../lib/gcc/arm-none-eabi/9.2.1/../../../../arm-none-eabi/lib/thumb/v6-m/nofp\libg_nano.a(lib_a-memcpy-stub.o)
 .ARM.attributes
                0x00000000000004f5       0x2c c:/users/tobias/appdata/roaming/xpacks/@xpack-dev-tools/arm-none-eabi-gcc/9.2.1-1.1.1/.content/bin/../lib/gcc/arm-none-eabi/9.2.1/../../../../arm-none-eabi/lib/thumb/v6-m/nofp\libg_nano.a(lib_a-memset.o)
 .ARM.attributes
                0x0000000000000521       0x2c c:/users/tobias/appdata/roaming/xpacks/@xpack-dev-tools/arm-none-eabi-gcc/9.2.1-1.1.1/.content/bin/../lib/gcc/arm-none-eabi/9.2.1/../../../../arm-none-eabi/lib/thumb/v6-m/nofp\libg_nano.a(lib_a-vsnprintf.o)
 .ARM.attributes
                0x000000000000054d       0x2c c:/users/tobias/appdata/roaming/xpacks/@xpack-dev-tools/arm-none-eabi-gcc/9.2.1-1.1.1/.content/bin/../lib/gcc/arm-none-eabi/9.2.1/../../../../arm-none-eabi/lib/thumb/v6-m/nofp\libg_nano.a(lib_a-nano-svfprintf.o)
 .ARM.attributes
                0x0000000000000579       0x2c c:/users/tobias/appdata/roaming/xpacks/@xpack-dev-tools/arm-none-eabi-gcc/9.2.1-1.1.1/.content/bin/../lib/gcc/arm-none-eabi/9.2.1/../../../../arm-none-eabi/lib/thumb/v6-m/nofp\libg_nano.a(lib_a-nano-vfprintf_i.o)
 .ARM.attributes
                0x00000000000005a5       0x2c c:/users/tobias/appdata/roaming/xpacks/@xpack-dev-tools/arm-none-eabi-gcc/9.2.1-1.1.1/.content/bin/../lib/gcc/arm-none-eabi/9.2.1/../../../../arm-none-eabi/lib/thumb/v6-m/nofp\libg_nano.a(lib_a-memchr-stub.o)
 .ARM.attributes
                0x00000000000005d1       0x2c c:/users/tobias/appdata/roaming/xpacks/@xpack-dev-tools/arm-none-eabi-gcc/9.2.1-1.1.1/.content/bin/../lib/gcc/arm-none-eabi/9.2.1/../../../../arm-none-eabi/lib/thumb/v6-m/nofp\libg_nano.a(lib_a-memmove.o)
 .ARM.attributes
                0x00000000000005fd       0x2c c:/users/tobias/appdata/roaming/xpacks/@xpack-dev-tools/arm-none-eabi-gcc/9.2.1-1.1.1/.content/bin/../lib/gcc/arm-none-eabi/9.2.1/../../../../arm-none-eabi/lib/thumb/v6-m/nofp\libg_nano.a(lib_a-nano-freer.o)
 .ARM.attributes
                0x0000000000000629       0x2c c:/users/tobias/appdata/roaming/xpacks/@xpack-dev-tools/arm-none-eabi-gcc/9.2.1-1.1.1/.content/bin/../lib/gcc/arm-none-eabi/9.2.1/../../../../arm-none-eabi/lib/thumb/v6-m/nofp\libg_nano.a(lib_a-nano-mallocr.o)
 .ARM.attributes
                0x0000000000000655       0x2c c:/users/tobias/appdata/roaming/xpacks/@xpack-dev-tools/arm-none-eabi-gcc/9.2.1-1.1.1/.content/bin/../lib/gcc/arm-none-eabi/9.2.1/../../../../arm-none-eabi/lib/thumb/v6-m/nofp\libg_nano.a(lib_a-nano-reallocr.o)
 .ARM.attributes
                0x0000000000000681       0x2c c:/users/tobias/appdata/roaming/xpacks/@xpack-dev-tools/arm-none-eabi-gcc/9.2.1-1.1.1/.content/bin/../lib/gcc/arm-none-eabi/9.2.1/../../../../arm-none-eabi/lib/thumb/v6-m/nofp\libg_nano.a(lib_a-sbrkr.o)
 .ARM.attributes
                0x00000000000006ad       0x2c c:/users/tobias/appdata/roaming/xpacks/@xpack-dev-tools/arm-none-eabi-gcc/9.2.1-1.1.1/.content/bin/../lib/gcc/arm-none-eabi/9.2.1/../../../../arm-none-eabi/lib/thumb/v6-m/nofp\libg_nano.a(lib_a-mlock.o)
 .ARM.attributes
                0x00000000000006d9       0x2c c:/users/tobias/appdata/roaming/xpacks/@xpack-dev-tools/arm-none-eabi-gcc/9.2.1-1.1.1/.content/bin/../lib/gcc/arm-none-eabi/9.2.1/../../../../arm-none-eabi/lib/thumb/v6-m/nofp\libg_nano.a(lib_a-nano-msizer.o)
 .ARM.attributes
                0x0000000000000705       0x2c c:/users/tobias/appdata/roaming/xpacks/@xpack-dev-tools/arm-none-eabi-gcc/9.2.1-1.1.1/.content/bin/../lib/gcc/arm-none-eabi/9.2.1/../../../../arm-none-eabi/lib/thumb/v6-m/nofp\libg_nano.a(lib_a-lock.o)
 .ARM.attributes
                0x0000000000000731       0x1e c:/users/tobias/appdata/roaming/xpacks/@xpack-dev-tools/arm-none-eabi-gcc/9.2.1-1.1.1/.content/bin/../lib/gcc/arm-none-eabi/9.2.1/thumb/v6-m/nofp\libgcc.a(_thumb1_case_shi.o)

.debug
 *(.debug)

.line
 *(.line)

.debug_srcinfo
 *(.debug_srcinfo)

.debug_sfnames
 *(.debug_sfnames)

.debug_aranges  0x0000000000000000      0x8e0
 *(.debug_aranges)
 .debug_aranges
                0x0000000000000000      0x120 ./system/src/stm32g0xx/stm32g0xx_hal.o
 .debug_aranges
                0x0000000000000120       0x90 ./system/src/stm32g0xx/stm32g0xx_hal_cortex.o
 .debug_aranges
                0x00000000000001b0       0x60 ./system/src/stm32g0xx/stm32g0xx_hal_gpio.o
 .debug_aranges
                0x0000000000000210       0xc0 ./system/src/stm32g0xx/stm32g0xx_hal_pwr_ex.o
 .debug_aranges
                0x00000000000002d0       0x90 ./system/src/stm32g0xx/stm32g0xx_hal_rcc.o
 .debug_aranges
                0x0000000000000360       0x40 ./system/src/stm32g0xx/stm32g0xx_hal_rcc_ex.o
 .debug_aranges
                0x00000000000003a0      0x218 ./system/src/stm32g0xx/stm32g0xx_hal_uart.o
 .debug_aranges
                0x00000000000005b8       0x88 ./system/src/stm32g0xx/stm32g0xx_hal_uart_ex.o
 .debug_aranges
                0x0000000000000640       0x28 ./system/src/newlib/_exit.o
 .debug_aranges
                0x0000000000000668       0x20 ./system/src/newlib/_sbrk.o
 .debug_aranges
                0x0000000000000688       0x40 ./system/src/newlib/_startup.o
 .debug_aranges
                0x00000000000006c8       0x30 ./system/src/newlib/_syscalls.o
 .debug_aranges
                0x00000000000006f8       0x38 ./system/src/diag/Trace.o
 .debug_aranges
                0x0000000000000730       0x30 ./system/src/diag/trace_impl.o
 .debug_aranges
                0x0000000000000760       0x28 ./system/src/cortexm/_initialize_hardware.o
 .debug_aranges
                0x0000000000000788       0x58 ./system/src/cortexm/exception_handlers.o
 .debug_aranges
                0x00000000000007e0       0x28 ./system/src/cmsis/startup_stm32g071xx.o
 .debug_aranges
                0x0000000000000808       0x28 ./system/src/cmsis/system_stm32g0xx.o
 .debug_aranges
                0x0000000000000830       0x40 ./src/main.o
 .debug_aranges
                0x0000000000000870       0x30 ./src/stm32g0xx_hal_msp.o
 .debug_aranges
                0x00000000000008a0       0x40 ./src/stm32g0xx_it.o

.debug_pubnames
 *(.debug_pubnames)

.debug_info     0x0000000000000000     0xd1ee
 *(.debug_info .gnu.linkonce.wi.*)
 .debug_info    0x0000000000000000      0xb4b ./system/src/stm32g0xx/stm32g0xx_hal.o
 .debug_info    0x0000000000000b4b      0xb1f ./system/src/stm32g0xx/stm32g0xx_hal_cortex.o
 .debug_info    0x000000000000166a      0x714 ./system/src/stm32g0xx/stm32g0xx_hal_gpio.o
 .debug_info    0x0000000000001d7e      0x71d ./system/src/stm32g0xx/stm32g0xx_hal_pwr_ex.o
 .debug_info    0x000000000000249b      0xd78 ./system/src/stm32g0xx/stm32g0xx_hal_rcc.o
 .debug_info    0x0000000000003213      0xa0e ./system/src/stm32g0xx/stm32g0xx_hal_rcc_ex.o
 .debug_info    0x0000000000003c21     0x21ab ./system/src/stm32g0xx/stm32g0xx_hal_uart.o
 .debug_info    0x0000000000005dcc      0xdac ./system/src/stm32g0xx/stm32g0xx_hal_uart_ex.o
 .debug_info    0x0000000000006b78      0x9e7 ./system/src/newlib/_exit.o
 .debug_info    0x000000000000755f      0x9d4 ./system/src/newlib/_sbrk.o
 .debug_info    0x0000000000007f33      0x4ae ./system/src/newlib/_startup.o
 .debug_info    0x00000000000083e1      0xab9 ./system/src/newlib/_syscalls.o
 .debug_info    0x0000000000008e9a      0xbdb ./system/src/diag/Trace.o
 .debug_info    0x0000000000009a75      0x497 ./system/src/diag/trace_impl.o
 .debug_info    0x0000000000009f0c      0x1fe ./system/src/cortexm/_initialize_hardware.o
 .debug_info    0x000000000000a10a      0xd49 ./system/src/cortexm/exception_handlers.o
 .debug_info    0x000000000000ae53       0x22 ./system/src/cmsis/startup_stm32g071xx.o
 .debug_info    0x000000000000ae75      0x48a ./system/src/cmsis/system_stm32g0xx.o
 .debug_info    0x000000000000b2ff     0x1041 ./src/main.o
 .debug_info    0x000000000000c340      0xc9f ./src/stm32g0xx_hal_msp.o
 .debug_info    0x000000000000cfdf      0x20f ./src/stm32g0xx_it.o

.debug_abbrev   0x0000000000000000     0x2c4f
 *(.debug_abbrev)
 .debug_abbrev  0x0000000000000000      0x29f ./system/src/stm32g0xx/stm32g0xx_hal.o
 .debug_abbrev  0x000000000000029f      0x29f ./system/src/stm32g0xx/stm32g0xx_hal_cortex.o
 .debug_abbrev  0x000000000000053e      0x215 ./system/src/stm32g0xx/stm32g0xx_hal_gpio.o
 .debug_abbrev  0x0000000000000753      0x268 ./system/src/stm32g0xx/stm32g0xx_hal_pwr_ex.o
 .debug_abbrev  0x00000000000009bb      0x29d ./system/src/stm32g0xx/stm32g0xx_hal_rcc.o
 .debug_abbrev  0x0000000000000c58      0x259 ./system/src/stm32g0xx/stm32g0xx_hal_rcc_ex.o
 .debug_abbrev  0x0000000000000eb1      0x284 ./system/src/stm32g0xx/stm32g0xx_hal_uart.o
 .debug_abbrev  0x0000000000001135      0x29a ./system/src/stm32g0xx/stm32g0xx_hal_uart_ex.o
 .debug_abbrev  0x00000000000013cf      0x222 ./system/src/newlib/_exit.o
 .debug_abbrev  0x00000000000015f1      0x232 ./system/src/newlib/_sbrk.o
 .debug_abbrev  0x0000000000001823      0x1b1 ./system/src/newlib/_startup.o
 .debug_abbrev  0x00000000000019d4      0x26d ./system/src/newlib/_syscalls.o
 .debug_abbrev  0x0000000000001c41      0x2c6 ./system/src/diag/Trace.o
 .debug_abbrev  0x0000000000001f07      0x24b ./system/src/diag/trace_impl.o
 .debug_abbrev  0x0000000000002152       0xf8 ./system/src/cortexm/_initialize_hardware.o
 .debug_abbrev  0x000000000000224a      0x2f8 ./system/src/cortexm/exception_handlers.o
 .debug_abbrev  0x0000000000002542       0x12 ./system/src/cmsis/startup_stm32g071xx.o
 .debug_abbrev  0x0000000000002554      0x16b ./system/src/cmsis/system_stm32g0xx.o
 .debug_abbrev  0x00000000000026bf      0x257 ./src/main.o
 .debug_abbrev  0x0000000000002916      0x227 ./src/stm32g0xx_hal_msp.o
 .debug_abbrev  0x0000000000002b3d      0x112 ./src/stm32g0xx_it.o

.debug_line     0x0000000000000000     0xb2f5
 *(.debug_line)
 .debug_line    0x0000000000000000      0x82f ./system/src/stm32g0xx/stm32g0xx_hal.o
 .debug_line    0x000000000000082f      0x813 ./system/src/stm32g0xx/stm32g0xx_hal_cortex.o
 .debug_line    0x0000000000001042      0x8bf ./system/src/stm32g0xx/stm32g0xx_hal_gpio.o
 .debug_line    0x0000000000001901      0x812 ./system/src/stm32g0xx/stm32g0xx_hal_pwr_ex.o
 .debug_line    0x0000000000002113      0xefb ./system/src/stm32g0xx/stm32g0xx_hal_rcc.o
 .debug_line    0x000000000000300e      0xc3e ./system/src/stm32g0xx/stm32g0xx_hal_rcc_ex.o
 .debug_line    0x0000000000003c4c     0x2bcf ./system/src/stm32g0xx/stm32g0xx_hal_uart.o
 .debug_line    0x000000000000681b      0x96e ./system/src/stm32g0xx/stm32g0xx_hal_uart_ex.o
 .debug_line    0x0000000000007189      0x40d ./system/src/newlib/_exit.o
 .debug_line    0x0000000000007596      0x3f8 ./system/src/newlib/_sbrk.o
 .debug_line    0x000000000000798e      0x67b ./system/src/newlib/_startup.o
 .debug_line    0x0000000000008009      0x535 ./system/src/newlib/_syscalls.o
 .debug_line    0x000000000000853e      0x4f8 ./system/src/diag/Trace.o
 .debug_line    0x0000000000008a36      0x7d3 ./system/src/diag/trace_impl.o
 .debug_line    0x0000000000009209      0x425 ./system/src/cortexm/_initialize_hardware.o
 .debug_line    0x000000000000962e      0x82b ./system/src/cortexm/exception_handlers.o
 .debug_line    0x0000000000009e59       0x8b ./system/src/cmsis/startup_stm32g071xx.o
 .debug_line    0x0000000000009ee4      0x4df ./system/src/cmsis/system_stm32g0xx.o
 .debug_line    0x000000000000a3c3      0x5ec ./src/main.o
 .debug_line    0x000000000000a9af      0x4d1 ./src/stm32g0xx_hal_msp.o
 .debug_line    0x000000000000ae80      0x475 ./src/stm32g0xx_it.o

.debug_frame    0x0000000000000000     0x176c
 *(.debug_frame)
 .debug_frame   0x0000000000000000      0x254 ./system/src/stm32g0xx/stm32g0xx_hal.o
 .debug_frame   0x0000000000000254      0x114 ./system/src/stm32g0xx/stm32g0xx_hal_cortex.o
 .debug_frame   0x0000000000000368       0xd8 ./system/src/stm32g0xx/stm32g0xx_hal_gpio.o
 .debug_frame   0x0000000000000440      0x170 ./system/src/stm32g0xx/stm32g0xx_hal_pwr_ex.o
 .debug_frame   0x00000000000005b0      0x15c ./system/src/stm32g0xx/stm32g0xx_hal_rcc.o
 .debug_frame   0x000000000000070c       0x90 ./system/src/stm32g0xx/stm32g0xx_hal_rcc_ex.o
 .debug_frame   0x000000000000079c      0x5d8 ./system/src/stm32g0xx/stm32g0xx_hal_uart.o
 .debug_frame   0x0000000000000d74      0x174 ./system/src/stm32g0xx/stm32g0xx_hal_uart_ex.o
 .debug_frame   0x0000000000000ee8       0x38 ./system/src/newlib/_exit.o
 .debug_frame   0x0000000000000f20       0x28 ./system/src/newlib/_sbrk.o
 .debug_frame   0x0000000000000f48       0x80 ./system/src/newlib/_startup.o
 .debug_frame   0x0000000000000fc8       0x50 ./system/src/newlib/_syscalls.o
 .debug_frame   0x0000000000001018       0x78 ./system/src/diag/Trace.o
 .debug_frame   0x0000000000001090       0x60 ./system/src/diag/trace_impl.o
 .debug_frame   0x00000000000010f0       0x40 ./system/src/cortexm/_initialize_hardware.o
 .debug_frame   0x0000000000001130       0xb0 ./system/src/cortexm/exception_handlers.o
 .debug_frame   0x00000000000011e0       0x38 ./system/src/cmsis/system_stm32g0xx.o
 .debug_frame   0x0000000000001218       0x90 ./src/main.o
 .debug_frame   0x00000000000012a8       0x58 ./src/stm32g0xx_hal_msp.o
 .debug_frame   0x0000000000001300       0x68 ./src/stm32g0xx_it.o
 .debug_frame   0x0000000000001368       0x20 c:/users/tobias/appdata/roaming/xpacks/@xpack-dev-tools/arm-none-eabi-gcc/9.2.1-1.1.1/.content/bin/../lib/gcc/arm-none-eabi/9.2.1/thumb/v6-m/nofp\libgcc.a(_udivsi3.o)
 .debug_frame   0x0000000000001388       0x20 c:/users/tobias/appdata/roaming/xpacks/@xpack-dev-tools/arm-none-eabi-gcc/9.2.1-1.1.1/.content/bin/../lib/gcc/arm-none-eabi/9.2.1/thumb/v6-m/nofp\libgcc.a(_divsi3.o)
 .debug_frame   0x00000000000013a8       0x3c c:/users/tobias/appdata/roaming/xpacks/@xpack-dev-tools/arm-none-eabi-gcc/9.2.1-1.1.1/.content/bin/../lib/gcc/arm-none-eabi/9.2.1/thumb/v6-m/nofp\libgcc.a(_udivmoddi4.o)
 .debug_frame   0x00000000000013e4       0x20 c:/users/tobias/appdata/roaming/xpacks/@xpack-dev-tools/arm-none-eabi-gcc/9.2.1-1.1.1/.content/bin/../lib/gcc/arm-none-eabi/9.2.1/../../../../arm-none-eabi/lib/thumb/v6-m/nofp\libg_nano.a(lib_a-errno.o)
 .debug_frame   0x0000000000001404       0x28 c:/users/tobias/appdata/roaming/xpacks/@xpack-dev-tools/arm-none-eabi-gcc/9.2.1-1.1.1/.content/bin/../lib/gcc/arm-none-eabi/9.2.1/../../../../arm-none-eabi/lib/thumb/v6-m/nofp\libg_nano.a(lib_a-memcpy-stub.o)
 .debug_frame   0x000000000000142c       0x20 c:/users/tobias/appdata/roaming/xpacks/@xpack-dev-tools/arm-none-eabi-gcc/9.2.1-1.1.1/.content/bin/../lib/gcc/arm-none-eabi/9.2.1/../../../../arm-none-eabi/lib/thumb/v6-m/nofp\libg_nano.a(lib_a-memset.o)
 .debug_frame   0x000000000000144c       0x48 c:/users/tobias/appdata/roaming/xpacks/@xpack-dev-tools/arm-none-eabi-gcc/9.2.1-1.1.1/.content/bin/../lib/gcc/arm-none-eabi/9.2.1/../../../../arm-none-eabi/lib/thumb/v6-m/nofp\libg_nano.a(lib_a-vsnprintf.o)
 .debug_frame   0x0000000000001494       0x74 c:/users/tobias/appdata/roaming/xpacks/@xpack-dev-tools/arm-none-eabi-gcc/9.2.1-1.1.1/.content/bin/../lib/gcc/arm-none-eabi/9.2.1/../../../../arm-none-eabi/lib/thumb/v6-m/nofp\libg_nano.a(lib_a-nano-svfprintf.o)
 .debug_frame   0x0000000000001508       0x54 c:/users/tobias/appdata/roaming/xpacks/@xpack-dev-tools/arm-none-eabi-gcc/9.2.1-1.1.1/.content/bin/../lib/gcc/arm-none-eabi/9.2.1/../../../../arm-none-eabi/lib/thumb/v6-m/nofp\libg_nano.a(lib_a-nano-vfprintf_i.o)
 .debug_frame   0x000000000000155c       0x20 c:/users/tobias/appdata/roaming/xpacks/@xpack-dev-tools/arm-none-eabi-gcc/9.2.1-1.1.1/.content/bin/../lib/gcc/arm-none-eabi/9.2.1/../../../../arm-none-eabi/lib/thumb/v6-m/nofp\libg_nano.a(lib_a-memchr-stub.o)
 .debug_frame   0x000000000000157c       0x28 c:/users/tobias/appdata/roaming/xpacks/@xpack-dev-tools/arm-none-eabi-gcc/9.2.1-1.1.1/.content/bin/../lib/gcc/arm-none-eabi/9.2.1/../../../../arm-none-eabi/lib/thumb/v6-m/nofp\libg_nano.a(lib_a-memmove.o)
 .debug_frame   0x00000000000015a4       0x2c c:/users/tobias/appdata/roaming/xpacks/@xpack-dev-tools/arm-none-eabi-gcc/9.2.1-1.1.1/.content/bin/../lib/gcc/arm-none-eabi/9.2.1/../../../../arm-none-eabi/lib/thumb/v6-m/nofp\libg_nano.a(lib_a-nano-freer.o)
 .debug_frame   0x00000000000015d0       0x30 c:/users/tobias/appdata/roaming/xpacks/@xpack-dev-tools/arm-none-eabi-gcc/9.2.1-1.1.1/.content/bin/../lib/gcc/arm-none-eabi/9.2.1/../../../../arm-none-eabi/lib/thumb/v6-m/nofp\libg_nano.a(lib_a-nano-mallocr.o)
 .debug_frame   0x0000000000001600       0x30 c:/users/tobias/appdata/roaming/xpacks/@xpack-dev-tools/arm-none-eabi-gcc/9.2.1-1.1.1/.content/bin/../lib/gcc/arm-none-eabi/9.2.1/../../../../arm-none-eabi/lib/thumb/v6-m/nofp\libg_nano.a(lib_a-nano-reallocr.o)
 .debug_frame   0x0000000000001630       0x2c c:/users/tobias/appdata/roaming/xpacks/@xpack-dev-tools/arm-none-eabi-gcc/9.2.1-1.1.1/.content/bin/../lib/gcc/arm-none-eabi/9.2.1/../../../../arm-none-eabi/lib/thumb/v6-m/nofp\libg_nano.a(lib_a-sbrkr.o)
 .debug_frame   0x000000000000165c       0x40 c:/users/tobias/appdata/roaming/xpacks/@xpack-dev-tools/arm-none-eabi-gcc/9.2.1-1.1.1/.content/bin/../lib/gcc/arm-none-eabi/9.2.1/../../../../arm-none-eabi/lib/thumb/v6-m/nofp\libg_nano.a(lib_a-mlock.o)
 .debug_frame   0x000000000000169c       0x20 c:/users/tobias/appdata/roaming/xpacks/@xpack-dev-tools/arm-none-eabi-gcc/9.2.1-1.1.1/.content/bin/../lib/gcc/arm-none-eabi/9.2.1/../../../../arm-none-eabi/lib/thumb/v6-m/nofp\libg_nano.a(lib_a-nano-msizer.o)
 .debug_frame   0x00000000000016bc       0xb0 c:/users/tobias/appdata/roaming/xpacks/@xpack-dev-tools/arm-none-eabi-gcc/9.2.1-1.1.1/.content/bin/../lib/gcc/arm-none-eabi/9.2.1/../../../../arm-none-eabi/lib/thumb/v6-m/nofp\libg_nano.a(lib_a-lock.o)

.debug_str      0x0000000000000000    0x92914
 *(.debug_str)
 .debug_str     0x0000000000000000    0x88dc7 ./system/src/stm32g0xx/stm32g0xx_hal.o
                                      0x8943d (size before relaxing)
 .debug_str     0x0000000000088dc7      0x29b ./system/src/stm32g0xx/stm32g0xx_hal_cortex.o
                                      0x89174 (size before relaxing)
 .debug_str     0x0000000000089062      0x2bb ./system/src/stm32g0xx/stm32g0xx_hal_gpio.o
                                      0x88ee4 (size before relaxing)
 .debug_str     0x000000000008931d      0x2e2 ./system/src/stm32g0xx/stm32g0xx_hal_pwr_ex.o
                                      0x88ff0 (size before relaxing)
 .debug_str     0x00000000000895ff      0x48c ./system/src/stm32g0xx/stm32g0xx_hal_rcc.o
                                      0x892ad (size before relaxing)
 .debug_str     0x0000000000089a8b      0x2bc ./system/src/stm32g0xx/stm32g0xx_hal_rcc_ex.o
                                      0x890aa (size before relaxing)
 .debug_str     0x0000000000089d47      0xd8a ./system/src/stm32g0xx/stm32g0xx_hal_uart.o
                                      0x89b11 (size before relaxing)
 .debug_str     0x000000000008aad1      0x24d ./system/src/stm32g0xx/stm32g0xx_hal_uart_ex.o
                                      0x893d8 (size before relaxing)
 .debug_str     0x000000000008ad1e     0x4c4d ./system/src/newlib/_exit.o
                                       0x7e0f (size before relaxing)
 .debug_str     0x000000000008f96b      0x4f5 ./system/src/newlib/_sbrk.o
                                       0x71c1 (size before relaxing)
 .debug_str     0x000000000008fe60      0x260 ./system/src/newlib/_startup.o
                                       0x68fc (size before relaxing)
 .debug_str     0x00000000000900c0      0xf90 ./system/src/newlib/_syscalls.o
                                       0x81b0 (size before relaxing)
 .debug_str     0x0000000000091050      0x826 ./system/src/diag/Trace.o
                                       0x8587 (size before relaxing)
 .debug_str     0x0000000000091876      0x36d ./system/src/diag/trace_impl.o
                                      0x8ca8c (size before relaxing)
 .debug_str     0x0000000000091be3       0x5e ./system/src/cortexm/_initialize_hardware.o
                                      0x88c47 (size before relaxing)
 .debug_str     0x0000000000091c41      0x109 ./system/src/cortexm/exception_handlers.o
                                      0x8d943 (size before relaxing)
 .debug_str     0x0000000000091d4a       0x38 ./system/src/cmsis/startup_stm32g071xx.o
                                         0x60 (size before relaxing)
 .debug_str     0x0000000000091d82       0x3c ./system/src/cmsis/system_stm32g0xx.o
                                      0x88d0d (size before relaxing)
 .debug_str     0x0000000000091dbe      0xafc ./src/main.o
                                      0x8a015 (size before relaxing)
 .debug_str     0x00000000000928ba       0x32 ./src/stm32g0xx_hal_msp.o
                                      0x89ce5 (size before relaxing)
 .debug_str     0x00000000000928ec       0x28 ./src/stm32g0xx_it.o
                                      0x896ae (size before relaxing)

.debug_loc      0x0000000000000000     0x4f1d
 *(.debug_loc)
 .debug_loc     0x0000000000000000      0x1c3 ./system/src/stm32g0xx/stm32g0xx_hal.o
 .debug_loc     0x00000000000001c3      0x42e ./system/src/stm32g0xx/stm32g0xx_hal_cortex.o
 .debug_loc     0x00000000000005f1      0x3a1 ./system/src/stm32g0xx/stm32g0xx_hal_gpio.o
 .debug_loc     0x0000000000000992      0x2e0 ./system/src/stm32g0xx/stm32g0xx_hal_pwr_ex.o
 .debug_loc     0x0000000000000c72      0x69e ./system/src/stm32g0xx/stm32g0xx_hal_rcc.o
 .debug_loc     0x0000000000001310      0xa99 ./system/src/stm32g0xx/stm32g0xx_hal_rcc_ex.o
 .debug_loc     0x0000000000001da9     0x22b4 ./system/src/stm32g0xx/stm32g0xx_hal_uart.o
 .debug_loc     0x000000000000405d      0x5be ./system/src/stm32g0xx/stm32g0xx_hal_uart_ex.o
 .debug_loc     0x000000000000461b       0x15 ./system/src/newlib/_exit.o
 .debug_loc     0x0000000000004630       0xad ./system/src/newlib/_sbrk.o
 .debug_loc     0x00000000000046dd      0x2de ./system/src/newlib/_startup.o
 .debug_loc     0x00000000000049bb       0x6f ./system/src/newlib/_syscalls.o
 .debug_loc     0x0000000000004a2a      0x118 ./system/src/diag/Trace.o
 .debug_loc     0x0000000000004b42      0x19f ./system/src/diag/trace_impl.o
 .debug_loc     0x0000000000004ce1       0xa8 ./system/src/cortexm/exception_handlers.o
 .debug_loc     0x0000000000004d89       0xa9 ./system/src/cmsis/system_stm32g0xx.o
 .debug_loc     0x0000000000004e32       0x52 ./src/main.o
 .debug_loc     0x0000000000004e84       0x99 ./src/stm32g0xx_hal_msp.o

.debug_macinfo
 *(.debug_macinfo)

.debug_weaknames
 *(.debug_weaknames)

.debug_funcnames
 *(.debug_funcnames)

.debug_typenames
 *(.debug_typenames)

.debug_varnames
 *(.debug_varnames)
OUTPUT(Template.elf elf32-littlearm)

.debug_ranges   0x0000000000000000      0x830
 .debug_ranges  0x0000000000000000      0x110 ./system/src/stm32g0xx/stm32g0xx_hal.o
 .debug_ranges  0x0000000000000110       0xc8 ./system/src/stm32g0xx/stm32g0xx_hal_cortex.o
 .debug_ranges  0x00000000000001d8       0x50 ./system/src/stm32g0xx/stm32g0xx_hal_gpio.o
 .debug_ranges  0x0000000000000228       0xb0 ./system/src/stm32g0xx/stm32g0xx_hal_pwr_ex.o
 .debug_ranges  0x00000000000002d8       0xa0 ./system/src/stm32g0xx/stm32g0xx_hal_rcc.o
 .debug_ranges  0x0000000000000378       0x48 ./system/src/stm32g0xx/stm32g0xx_hal_rcc_ex.o
 .debug_ranges  0x00000000000003c0      0x208 ./system/src/stm32g0xx/stm32g0xx_hal_uart.o
 .debug_ranges  0x00000000000005c8       0x78 ./system/src/stm32g0xx/stm32g0xx_hal_uart_ex.o
 .debug_ranges  0x0000000000000640       0x18 ./system/src/newlib/_exit.o
 .debug_ranges  0x0000000000000658       0x10 ./system/src/newlib/_sbrk.o
 .debug_ranges  0x0000000000000668       0x30 ./system/src/newlib/_startup.o
 .debug_ranges  0x0000000000000698       0x20 ./system/src/newlib/_syscalls.o
 .debug_ranges  0x00000000000006b8       0x28 ./system/src/diag/Trace.o
 .debug_ranges  0x00000000000006e0       0x38 ./system/src/diag/trace_impl.o
 .debug_ranges  0x0000000000000718       0x18 ./system/src/cortexm/_initialize_hardware.o
 .debug_ranges  0x0000000000000730       0x48 ./system/src/cortexm/exception_handlers.o
 .debug_ranges  0x0000000000000778       0x20 ./system/src/cmsis/startup_stm32g071xx.o
 .debug_ranges  0x0000000000000798       0x18 ./system/src/cmsis/system_stm32g0xx.o
 .debug_ranges  0x00000000000007b0       0x30 ./src/main.o
 .debug_ranges  0x00000000000007e0       0x20 ./src/stm32g0xx_hal_msp.o
 .debug_ranges  0x0000000000000800       0x30 ./src/stm32g0xx_it.o

.debug_macro    0x0000000000000000    0x17b8e
 .debug_macro   0x0000000000000000      0x18b ./system/src/stm32g0xx/stm32g0xx_hal.o
 .debug_macro   0x000000000000018b      0xa84 ./system/src/stm32g0xx/stm32g0xx_hal.o
 .debug_macro   0x0000000000000c0f      0x103 ./system/src/stm32g0xx/stm32g0xx_hal.o
 .debug_macro   0x0000000000000d12       0x34 ./system/src/stm32g0xx/stm32g0xx_hal.o
 .debug_macro   0x0000000000000d46       0x28 ./system/src/stm32g0xx/stm32g0xx_hal.o
 .debug_macro   0x0000000000000d6e      0x34e ./system/src/stm32g0xx/stm32g0xx_hal.o
 .debug_macro   0x00000000000010bc       0x35 ./system/src/stm32g0xx/stm32g0xx_hal.o
 .debug_macro   0x00000000000010f1       0x26 ./system/src/stm32g0xx/stm32g0xx_hal.o
 .debug_macro   0x0000000000001117      0x44f ./system/src/stm32g0xx/stm32g0xx_hal.o
 .debug_macro   0x0000000000001566     0xc54d ./system/src/stm32g0xx/stm32g0xx_hal.o
 .debug_macro   0x000000000000dab3       0x3c ./system/src/stm32g0xx/stm32g0xx_hal.o
 .debug_macro   0x000000000000daef     0x3468 ./system/src/stm32g0xx/stm32g0xx_hal.o
 .debug_macro   0x0000000000010f57      0x174 ./system/src/stm32g0xx/stm32g0xx_hal.o
 .debug_macro   0x00000000000110cb       0x5a ./system/src/stm32g0xx/stm32g0xx_hal.o
 .debug_macro   0x0000000000011125      0x56c ./system/src/stm32g0xx/stm32g0xx_hal.o
 .debug_macro   0x0000000000011691     0x1099 ./system/src/stm32g0xx/stm32g0xx_hal.o
 .debug_macro   0x000000000001272a      0x257 ./system/src/stm32g0xx/stm32g0xx_hal.o
 .debug_macro   0x0000000000012981      0x153 ./system/src/stm32g0xx/stm32g0xx_hal.o
 .debug_macro   0x0000000000012ad4      0x1a5 ./system/src/stm32g0xx/stm32g0xx_hal.o
 .debug_macro   0x0000000000012c79      0x398 ./system/src/stm32g0xx/stm32g0xx_hal.o
 .debug_macro   0x0000000000013011      0x1a5 ./system/src/stm32g0xx/stm32g0xx_hal.o
 .debug_macro   0x00000000000131b6       0x43 ./system/src/stm32g0xx/stm32g0xx_hal.o
 .debug_macro   0x00000000000131f9      0x1f1 ./system/src/stm32g0xx/stm32g0xx_hal.o
 .debug_macro   0x00000000000133ea      0x1c4 ./system/src/stm32g0xx/stm32g0xx_hal.o
 .debug_macro   0x00000000000135ae      0x36e ./system/src/stm32g0xx/stm32g0xx_hal.o
 .debug_macro   0x000000000001391c       0x28 ./system/src/stm32g0xx/stm32g0xx_hal.o
 .debug_macro   0x0000000000013944       0xc1 ./system/src/stm32g0xx/stm32g0xx_hal.o
 .debug_macro   0x0000000000013a05      0x26f ./system/src/stm32g0xx/stm32g0xx_hal.o
 .debug_macro   0x0000000000013c74       0xd2 ./system/src/stm32g0xx/stm32g0xx_hal.o
 .debug_macro   0x0000000000013d46      0x63f ./system/src/stm32g0xx/stm32g0xx_hal.o
 .debug_macro   0x0000000000014385       0xa6 ./system/src/stm32g0xx/stm32g0xx_hal.o
 .debug_macro   0x000000000001442b      0x503 ./system/src/stm32g0xx/stm32g0xx_hal.o
 .debug_macro   0x000000000001492e      0x167 ./system/src/stm32g0xx/stm32g0xx_hal_cortex.o
 .debug_macro   0x0000000000014a95      0x19f ./system/src/stm32g0xx/stm32g0xx_hal_gpio.o
 .debug_macro   0x0000000000014c34      0x179 ./system/src/stm32g0xx/stm32g0xx_hal_pwr_ex.o
 .debug_macro   0x0000000000014dad      0x1a3 ./system/src/stm32g0xx/stm32g0xx_hal_rcc.o
 .debug_macro   0x0000000000014f50      0x17f ./system/src/stm32g0xx/stm32g0xx_hal_rcc_ex.o
 .debug_macro   0x00000000000150cf      0x192 ./system/src/stm32g0xx/stm32g0xx_hal_uart.o
 .debug_macro   0x0000000000015261      0x173 ./system/src/stm32g0xx/stm32g0xx_hal_uart_ex.o
 .debug_macro   0x00000000000153d4      0x1b4 ./system/src/newlib/_exit.o
 .debug_macro   0x0000000000015588       0x34 ./system/src/newlib/_exit.o
 .debug_macro   0x00000000000155bc      0x10e ./system/src/newlib/_exit.o
 .debug_macro   0x00000000000156ca       0x8d ./system/src/newlib/_exit.o
 .debug_macro   0x0000000000015757       0x43 ./system/src/newlib/_exit.o
 .debug_macro   0x000000000001579a      0x339 ./system/src/newlib/_exit.o
 .debug_macro   0x0000000000015ad3       0x35 ./system/src/newlib/_exit.o
 .debug_macro   0x0000000000015b08      0x169 ./system/src/newlib/_sbrk.o
 .debug_macro   0x0000000000015c71       0x10 ./system/src/newlib/_sbrk.o
 .debug_macro   0x0000000000015c81      0x23b ./system/src/newlib/_sbrk.o
 .debug_macro   0x0000000000015ebc      0x173 ./system/src/newlib/_startup.o
 .debug_macro   0x000000000001602f      0x226 ./system/src/newlib/_syscalls.o
 .debug_macro   0x0000000000016255       0x1c ./system/src/newlib/_syscalls.o
 .debug_macro   0x0000000000016271       0x10 ./system/src/newlib/_syscalls.o
 .debug_macro   0x0000000000016281       0x10 ./system/src/newlib/_syscalls.o
 .debug_macro   0x0000000000016291       0x10 ./system/src/newlib/_syscalls.o
 .debug_macro   0x00000000000162a1       0x35 ./system/src/newlib/_syscalls.o
 .debug_macro   0x00000000000162d6      0x122 ./system/src/newlib/_syscalls.o
 .debug_macro   0x00000000000163f8       0x88 ./system/src/newlib/_syscalls.o
 .debug_macro   0x0000000000016480       0x7c ./system/src/newlib/_syscalls.o
 .debug_macro   0x00000000000164fc       0x17 ./system/src/newlib/_syscalls.o
 .debug_macro   0x0000000000016513      0x118 ./system/src/newlib/_syscalls.o
 .debug_macro   0x000000000001662b      0x189 ./system/src/newlib/_syscalls.o
 .debug_macro   0x00000000000167b4       0x16 ./system/src/newlib/_syscalls.o
 .debug_macro   0x00000000000167ca      0x1fb ./system/src/diag/Trace.o
 .debug_macro   0x00000000000169c5       0x16 ./system/src/diag/Trace.o
 .debug_macro   0x00000000000169db       0x97 ./system/src/diag/Trace.o
 .debug_macro   0x0000000000016a72       0xfd ./system/src/diag/Trace.o
 .debug_macro   0x0000000000016b6f       0x10 ./system/src/diag/Trace.o
 .debug_macro   0x0000000000016b7f       0x16 ./system/src/diag/Trace.o
 .debug_macro   0x0000000000016b95      0x16f ./system/src/diag/Trace.o
 .debug_macro   0x0000000000016d04       0x4c ./system/src/diag/Trace.o
 .debug_macro   0x0000000000016d50       0x16 ./system/src/diag/Trace.o
 .debug_macro   0x0000000000016d66      0x2db ./system/src/diag/trace_impl.o
 .debug_macro   0x0000000000017041       0x10 ./system/src/diag/trace_impl.o
 .debug_macro   0x0000000000017051       0x22 ./system/src/diag/trace_impl.o
 .debug_macro   0x0000000000017073      0x171 ./system/src/cortexm/_initialize_hardware.o
 .debug_macro   0x00000000000171e4      0x325 ./system/src/cortexm/exception_handlers.o
 .debug_macro   0x0000000000017509       0x3b ./system/src/cortexm/exception_handlers.o
 .debug_macro   0x0000000000017544       0x10 ./system/src/cortexm/exception_handlers.o
 .debug_macro   0x0000000000017554      0x167 ./system/src/cmsis/system_stm32g0xx.o
 .debug_macro   0x00000000000176bb      0x17f ./src/main.o
 .debug_macro   0x000000000001783a       0x4c ./src/main.o
 .debug_macro   0x0000000000017886      0x17f ./src/stm32g0xx_hal_msp.o
 .debug_macro   0x0000000000017a05      0x189 ./src/stm32g0xx_it.o
